Archive member included to satisfy reference by file (symbol)

c:/st/stm32cubeide_1.7.0/stm32cubeide/plugins/com.st.stm32cube.ide.mcu.externaltools.gnu-tools-for-stm32.9-2020-q2-update.win32_2.0.0.202105311346/tools/bin/../lib/gcc/arm-none-eabi/9.3.1/../../../../arm-none-eabi/lib/thumb/v7e-m+fp/hard\libc_nano.a(lib_a-errno.o)
                              ./Core/Src/syscalls.o (__errno)
c:/st/stm32cubeide_1.7.0/stm32cubeide/plugins/com.st.stm32cube.ide.mcu.externaltools.gnu-tools-for-stm32.9-2020-q2-update.win32_2.0.0.202105311346/tools/bin/../lib/gcc/arm-none-eabi/9.3.1/../../../../arm-none-eabi/lib/thumb/v7e-m+fp/hard\libc_nano.a(lib_a-exit.o)
                              c:/st/stm32cubeide_1.7.0/stm32cubeide/plugins/com.st.stm32cube.ide.mcu.externaltools.gnu-tools-for-stm32.9-2020-q2-update.win32_2.0.0.202105311346/tools/bin/../lib/gcc/arm-none-eabi/9.3.1/../../../../arm-none-eabi/lib/thumb/v7e-m+fp/hard/crt0.o (exit)
c:/st/stm32cubeide_1.7.0/stm32cubeide/plugins/com.st.stm32cube.ide.mcu.externaltools.gnu-tools-for-stm32.9-2020-q2-update.win32_2.0.0.202105311346/tools/bin/../lib/gcc/arm-none-eabi/9.3.1/../../../../arm-none-eabi/lib/thumb/v7e-m+fp/hard\libc_nano.a(lib_a-impure.o)
                              c:/st/stm32cubeide_1.7.0/stm32cubeide/plugins/com.st.stm32cube.ide.mcu.externaltools.gnu-tools-for-stm32.9-2020-q2-update.win32_2.0.0.202105311346/tools/bin/../lib/gcc/arm-none-eabi/9.3.1/../../../../arm-none-eabi/lib/thumb/v7e-m+fp/hard\libc_nano.a(lib_a-exit.o) (_global_impure_ptr)
c:/st/stm32cubeide_1.7.0/stm32cubeide/plugins/com.st.stm32cube.ide.mcu.externaltools.gnu-tools-for-stm32.9-2020-q2-update.win32_2.0.0.202105311346/tools/bin/../lib/gcc/arm-none-eabi/9.3.1/../../../../arm-none-eabi/lib/thumb/v7e-m+fp/hard\libc_nano.a(lib_a-init.o)
                              c:/st/stm32cubeide_1.7.0/stm32cubeide/plugins/com.st.stm32cube.ide.mcu.externaltools.gnu-tools-for-stm32.9-2020-q2-update.win32_2.0.0.202105311346/tools/bin/../lib/gcc/arm-none-eabi/9.3.1/../../../../arm-none-eabi/lib/thumb/v7e-m+fp/hard/crt0.o (__libc_init_array)
c:/st/stm32cubeide_1.7.0/stm32cubeide/plugins/com.st.stm32cube.ide.mcu.externaltools.gnu-tools-for-stm32.9-2020-q2-update.win32_2.0.0.202105311346/tools/bin/../lib/gcc/arm-none-eabi/9.3.1/../../../../arm-none-eabi/lib/thumb/v7e-m+fp/hard\libc_nano.a(lib_a-memcmp.o)
                              ./Thirdparty/SEGGER/OS/SEGGER_SYSVIEW_FreeRTOS.o (memcmp)
c:/st/stm32cubeide_1.7.0/stm32cubeide/plugins/com.st.stm32cube.ide.mcu.externaltools.gnu-tools-for-stm32.9-2020-q2-update.win32_2.0.0.202105311346/tools/bin/../lib/gcc/arm-none-eabi/9.3.1/../../../../arm-none-eabi/lib/thumb/v7e-m+fp/hard\libc_nano.a(lib_a-memcpy-stub.o)
                              ./Thirdparty/FreeRTOS/queue.o (memcpy)
c:/st/stm32cubeide_1.7.0/stm32cubeide/plugins/com.st.stm32cube.ide.mcu.externaltools.gnu-tools-for-stm32.9-2020-q2-update.win32_2.0.0.202105311346/tools/bin/../lib/gcc/arm-none-eabi/9.3.1/../../../../arm-none-eabi/lib/thumb/v7e-m+fp/hard\libc_nano.a(lib_a-memset.o)
                              c:/st/stm32cubeide_1.7.0/stm32cubeide/plugins/com.st.stm32cube.ide.mcu.externaltools.gnu-tools-for-stm32.9-2020-q2-update.win32_2.0.0.202105311346/tools/bin/../lib/gcc/arm-none-eabi/9.3.1/../../../../arm-none-eabi/lib/thumb/v7e-m+fp/hard/crt0.o (memset)
c:/st/stm32cubeide_1.7.0/stm32cubeide/plugins/com.st.stm32cube.ide.mcu.externaltools.gnu-tools-for-stm32.9-2020-q2-update.win32_2.0.0.202105311346/tools/bin/../lib/gcc/arm-none-eabi/9.3.1/../../../../arm-none-eabi/lib/thumb/v7e-m+fp/hard\libc_nano.a(lib_a-puts.o)
                              ./Core/Src/main.o (puts)
c:/st/stm32cubeide_1.7.0/stm32cubeide/plugins/com.st.stm32cube.ide.mcu.externaltools.gnu-tools-for-stm32.9-2020-q2-update.win32_2.0.0.202105311346/tools/bin/../lib/gcc/arm-none-eabi/9.3.1/../../../../arm-none-eabi/lib/thumb/v7e-m+fp/hard\libc_nano.a(lib_a-strlen.o)
                              ./Thirdparty/SEGGER/SEGGER/SEGGER_RTT.o (strlen)
c:/st/stm32cubeide_1.7.0/stm32cubeide/plugins/com.st.stm32cube.ide.mcu.externaltools.gnu-tools-for-stm32.9-2020-q2-update.win32_2.0.0.202105311346/tools/bin/../lib/gcc/arm-none-eabi/9.3.1/../../../../arm-none-eabi/lib/thumb/v7e-m+fp/hard\libc_nano.a(lib_a-wbuf.o)
                              c:/st/stm32cubeide_1.7.0/stm32cubeide/plugins/com.st.stm32cube.ide.mcu.externaltools.gnu-tools-for-stm32.9-2020-q2-update.win32_2.0.0.202105311346/tools/bin/../lib/gcc/arm-none-eabi/9.3.1/../../../../arm-none-eabi/lib/thumb/v7e-m+fp/hard\libc_nano.a(lib_a-puts.o) (__swbuf_r)
c:/st/stm32cubeide_1.7.0/stm32cubeide/plugins/com.st.stm32cube.ide.mcu.externaltools.gnu-tools-for-stm32.9-2020-q2-update.win32_2.0.0.202105311346/tools/bin/../lib/gcc/arm-none-eabi/9.3.1/../../../../arm-none-eabi/lib/thumb/v7e-m+fp/hard\libc_nano.a(lib_a-wsetup.o)
[...]
Memory Configuration

Name             Origin             Length             Attributes
CCMRAM           0x0000000010000000 0x0000000000010000 xrw
RAM              0x0000000020000000 0x0000000000020000 xrw
FLASH            0x0000000008000000 0x0000000000100000 xr
*default*        0x0000000000000000 0xffffffffffffffff

Linker script and memory map

LOAD c:/st/stm32cubeide_1.7.0/stm32cubeide/plugins/com.st.stm32cube.ide.mcu.externaltools.gnu-tools-for-stm32.9-2020-q2-update.win32_2.0.0.202105311346/tools/bin/../lib/gcc/arm-none-eabi/9.3.1/thumb/v7e-m+fp/hard/crti.o
LOAD c:/st/stm32cubeide_1.7.0/stm32cubeide/plugins/com.st.stm32cube.ide.mcu.externaltools.gnu-tools-for-stm32.9-2020-q2-update.win32_2.0.0.202105311346/tools/bin/../lib/gcc/arm-none-eabi/9.3.1/thumb/v7e-m+fp/hard/crtbegin.o
LOAD c:/st/stm32cubeide_1.7.0/stm32cubeide/plugins/com.st.stm32cube.ide.mcu.externaltools.gnu-tools-for-stm32.9-2020-q2-update.win32_2.0.0.202105311346/tools/bin/../lib/gcc/arm-none-eabi/9.3.1/../../../../arm-none-eabi/lib/thumb/v7e-m+fp/hard/crt0.o
LOAD ./Core/Src/main.o
LOAD ./Core/Src/stm32f4xx_hal_msp.o
LOAD ./Core/Src/stm32f4xx_hal_timebase_tim.o
LOAD ./Core/Src/stm32f4xx_it.o
LOAD ./Core/Src/syscalls.o
LOAD ./Core/Src/system_stm32f4xx.o
LOAD ./Core/Startup/startup_stm32f407vgtx.o
LOAD ./Drivers/STM32F4xx_HAL_Driver/Src/stm32f4xx_hal.o
LOAD ./Drivers/STM32F4xx_HAL_Driver/Src/stm32f4xx_hal_cortex.o
LOAD ./Drivers/STM32F4xx_HAL_Driver/Src/stm32f4xx_hal_dma.o
LOAD ./Drivers/STM32F4xx_HAL_Driver/Src/stm32f4xx_hal_dma_ex.o
LOAD ./Drivers/STM32F4xx_HAL_Driver/Src/stm32f4xx_hal_exti.o
LOAD ./Drivers/STM32F4xx_HAL_Driver/Src/stm32f4xx_hal_flash.o
LOAD ./Drivers/STM32F4xx_HAL_Driver/Src/stm32f4xx_hal_flash_ex.o
LOAD ./Drivers/STM32F4xx_HAL_Driver/Src/stm32f4xx_hal_flash_ramfunc.o
LOAD ./Drivers/STM32F4xx_HAL_Driver/Src/stm32f4xx_hal_gpio.o
LOAD ./Drivers/STM32F4xx_HAL_Driver/Src/stm32f4xx_hal_pwr.o
LOAD ./Drivers/STM32F4xx_HAL_Driver/Src/stm32f4xx_hal_pwr_ex.o
LOAD ./Drivers/STM32F4xx_HAL_Driver/Src/stm32f4xx_hal_rcc.o
LOAD ./Drivers/STM32F4xx_HAL_Driver/Src/stm32f4xx_hal_rcc_ex.o
LOAD ./Drivers/STM32F4xx_HAL_Driver/Src/stm32f4xx_hal_tim.o
LOAD ./Drivers/STM32F4xx_HAL_Driver/Src/stm32f4xx_hal_tim_ex.o
LOAD ./Thirdparty/FreeRTOS/croutine.o
LOAD ./Thirdparty/FreeRTOS/event_groups.o
LOAD ./Thirdparty/FreeRTOS/list.o
LOAD ./Thirdparty/FreeRTOS/queue.o
LOAD ./Thirdparty/FreeRTOS/stream_buffer.o
LOAD ./Thirdparty/FreeRTOS/tasks.o
LOAD ./Thirdparty/FreeRTOS/timers.o
LOAD ./Thirdparty/FreeRTOS/portable/GCC/ARM_CM4F/port.o
LOAD ./Thirdparty/FreeRTOS/portable/MemMang/heap_4.o
LOAD ./Thirdparty/SEGGER/Config/SEGGER_SYSVIEW_Config_FreeRTOS.o
LOAD ./Thirdparty/SEGGER/OS/SEGGER_SYSVIEW_FreeRTOS.o
LOAD ./Thirdparty/SEGGER/SEGGER/SEGGER_RTT.o
LOAD ./Thirdparty/SEGGER/SEGGER/SEGGER_RTT_ASM_ARMv7M.o
LOAD ./Thirdparty/SEGGER/SEGGER/SEGGER_RTT_printf.o
LOAD ./Thirdparty/SEGGER/SEGGER/SEGGER_SYSVIEW.o
LOAD ./Thirdparty/SEGGER/SEGGER/Syscalls/SEGGER_RTT_Syscalls_GCC.o
START GROUP
LOAD c:/st/stm32cubeide_1.7.0/stm32cubeide/plugins/com.st.stm32cube.ide.mcu.externaltools.gnu-tools-for-stm32.9-2020-q2-update.win32_2.0.0.202105311346/tools/bin/../lib/gcc/arm-none-eabi/9.3.1/../../../../arm-none-eabi/lib/thumb/v7e-m+fp/hard\libc_nano.a
LOAD c:/st/stm32cubeide_1.7.0/stm32cubeide/plugins/com.st.stm32cube.ide.mcu.externaltools.gnu-tools-for-stm32.9-2020-q2-update.win32_2.0.0.202105311346/tools/bin/../lib/gcc/arm-none-eabi/9.3.1/../../../../arm-none-eabi/lib/thumb/v7e-m+fp/hard\libm.a
END GROUP
START GROUP
LOAD c:/st/stm32cubeide_1.7.0/stm32cubeide/plugins/com.st.stm32cube.ide.mcu.externaltools.gnu-tools-for-stm32.9-2020-q2-update.win32_2.0.0.202105311346/tools/bin/../lib/gcc/arm-none-eabi/9.3.1/thumb/v7e-m+fp/hard\libgcc.a
LOAD c:/st/stm32cubeide_1.7.0/stm32cubeide/plugins/com.st.stm32cube.ide.mcu.externaltools.gnu-tools-for-stm32.9-2020-q2-update.win32_2.0.0.202105311346/tools/bin/../lib/gcc/arm-none-eabi/9.3.1/../../../../arm-none-eabi/lib/thumb/v7e-m+fp/hard\libc_nano.a
END GROUP
START GROUP
LOAD c:/st/stm32cubeide_1.7.0/stm32cubeide/plugins/com.st.stm32cube.ide.mcu.externaltools.gnu-tools-for-stm32.9-2020-q2-update.win32_2.0.0.202105311346/tools/bin/../lib/gcc/arm-none-eabi/9.3.1/thumb/v7e-m+fp/hard\libgcc.a
LOAD c:/st/stm32cubeide_1.7.0/stm32cubeide/plugins/com.st.stm32cube.ide.mcu.externaltools.gnu-tools-for-stm32.9-2020-q2-update.win32_2.0.0.202105311346/tools/bin/../lib/gcc/arm-none-eabi/9.3.1/../../../../arm-none-eabi/lib/thumb/v7e-m+fp/hard\libc_nano.a
LOAD c:/st/stm32cubeide_1.7.0/stm32cubeide/plugins/com.st.stm32cube.ide.mcu.externaltools.gnu-tools-for-stm32.9-2020-q2-update.win32_2.0.0.202105311346/tools/bin/../lib/gcc/arm-none-eabi/9.3.1/../../../../arm-none-eabi/lib/thumb/v7e-m+fp/hard\libnosys.a
END GROUP
START GROUP
LOAD c:/st/stm32cubeide_1.7.0/stm32cubeide/plugins/com.st.stm32cube.ide.mcu.externaltools.gnu-tools-for-stm32.9-2020-q2-update.win32_2.0.0.202105311346/tools/bin/../lib/gcc/arm-none-eabi/9.3.1/thumb/v7e-m+fp/hard\libgcc.a
LOAD c:/st/stm32cubeide_1.7.0/stm32cubeide/plugins/com.st.stm32cube.ide.mcu.externaltools.gnu-tools-for-stm32.9-2020-q2-update.win32_2.0.0.202105311346/tools/bin/../lib/gcc/arm-none-eabi/9.3.1/../../../../arm-none-eabi/lib/thumb/v7e-m+fp/hard\libc_nano.a
LOAD c:/st/stm32cubeide_1.7.0/stm32cubeide/plugins/com.st.stm32cube.ide.mcu.externaltools.gnu-tools-for-stm32.9-2020-q2-update.win32_2.0.0.202105311346/tools/bin/../lib/gcc/arm-none-eabi/9.3.1/../../../../arm-none-eabi/lib/thumb/v7e-m+fp/hard\libnosys.a
END GROUP
LOAD c:/st/stm32cubeide_1.7.0/stm32cubeide/plugins/com.st.stm32cube.ide.mcu.externaltools.gnu-tools-for-stm32.9-2020-q2-update.win32_2.0.0.202105311346/tools/bin/../lib/gcc/arm-none-eabi/9.3.1/thumb/v7e-m+fp/hard/crtend.o
LOAD c:/st/stm32cubeide_1.7.0/stm32cubeide/plugins/com.st.stm32cube.ide.mcu.externaltools.gnu-tools-for-stm32.9-2020-q2-update.win32_2.0.0.202105311346/tools/bin/../lib/gcc/arm-none-eabi/9.3.1/thumb/v7e-m+fp/hard/crtn.o
                0x0000000020020000                _estack = (ORIGIN (RAM) + LENGTH (RAM))
                0x0000000000000200                _Min_Heap_Size = 0x200
                0x0000000000000400                _Min_Stack_Size = 0x400

.isr_vector     0x0000000008000000      0x188
                0x0000000008000000                . = ALIGN (0x4)
 *(.isr_vector)
 .isr_vector    0x0000000008000000      0x188 ./Core/Startup/startup_stm32f407vgtx.o
                0x0000000008000000                g_pfnVectors
                0x0000000008000188                . = ALIGN (0x4)

.text           0x0000000008000190     0x689c
                0x0000000008000190                . = ALIGN (0x4)
 *(.text)
 .text          0x0000000008000190       0x40 c:/st/stm32cubeide_1.7.0/stm32cubeide/plugins/com.st.stm32cube.ide.mcu.externaltools.gnu-tools-for-stm32.9-2020-q2-update.win32_2.0.0.202105311346/tools/bin/../lib/gcc/arm-none-eabi/9.3.1/thumb/v7e-m+fp/hard/crtbegin.o
 .text          0x00000000080001d0       0x94 ./Thirdparty/SEGGER/SEGGER/SEGGER_RTT_ASM_ARMv7M.o
                0x00000000080001d0                SEGGER_RTT_ASM_WriteSkipNoLock
 .text          0x0000000008000264       0x30 c:/st/stm32cubeide_1.7.0/stm32cubeide/plugins/com.st.stm32cube.ide.mcu.externaltools.gnu-tools-for-stm32.9-2020-q2-update.win32_2.0.0.202105311346/tools/bin/../lib/gcc/arm-none-eabi/9.3.1/thumb/v7e-m+fp/hard\libgcc.a(_aeabi_uldivmod.o)
                0x0000000008000264                __aeabi_uldivmod
 .text          0x0000000008000294      0x2c4 c:/st/stm32cubeide_1.7.0/stm32cubeide/plugins/com.st.stm32cube.ide.mcu.externaltools.gnu-tools-for-stm32.9-2020-q2-update.win32_2.0.0.202105311346/tools/bin/../lib/gcc/arm-none-eabi/9.3.1/thumb/v7e-m+fp/hard\libgcc.a(_udivmoddi4.o)
                0x0000000008000294                __udivmoddi4
 .text          0x0000000008000558        0x4 c:/st/stm32cubeide_1.7.0/stm32cubeide/plugins/com.st.stm32cube.ide.mcu.externaltools.gnu-tools-for-stm32.9-2020-q2-update.win32_2.0.0.202105311346/tools/bin/../lib/gcc/arm-none-eabi/9.3.1/thumb/v7e-m+fp/hard\libgcc.a(_dvmd_tls.o)
                0x0000000008000558                __aeabi_idiv0
                0x0000000008000558                __aeabi_ldiv0
 *(.text*)
 .text.main     0x000000000800055c       0xac ./Core/Src/main.o
                0x000000000800055c                main
 .text.SystemClock_Config
                0x0000000008000608       0xbc ./Core/Src/main.o
                0x0000000008000608                SystemClock_Config
 .text.task1_handler
                0x00000000080006c4       0x10 ./Core/Src/main.o
 .text.task2_handler
                0x00000000080006d4       0x10 ./Core/Src/main.o
 .text.HAL_TIM_PeriodElapsedCallback
                0x00000000080006e4       0x24 ./Core/Src/main.o
                0x00000000080006e4                HAL_TIM_PeriodElapsedCallback
 .text.Error_Handler
                0x0000000008000708        0xa ./Core/Src/main.o
                0x0000000008000708                Error_Handler
 *fill*         0x0000000008000712        0x2 
 .text.HAL_MspInit
                0x0000000008000714       0x50 ./Core/Src/stm32f4xx_hal_msp.o
                0x0000000008000714                HAL_MspInit
 .text.HAL_InitTick
                0x0000000008000764       0xb0 ./Core/Src/stm32f4xx_hal_timebase_tim.o
                0x0000000008000764                HAL_InitTick
 .text.NMI_Handler
                0x0000000008000814        0x6 ./Core/Src/stm32f4xx_it.o
                0x0000000008000814                NMI_Handler
 .text.HardFault_Handler
                0x000000000800081a        0x6 ./Core/Src/stm32f4xx_it.o
                0x000000000800081a                HardFault_Handler
 .text.MemManage_Handler
                0x0000000008000820        0x6 ./Core/Src/stm32f4xx_it.o
                0x0000000008000820                MemManage_Handler
 .text.BusFault_Handler
                0x0000000008000826        0x6 ./Core/Src/stm32f4xx_it.o
                0x0000000008000826                BusFault_Handler
 .text.UsageFault_Handler
                0x000000000800082c        0x6 ./Core/Src/stm32f4xx_it.o
                0x000000000800082c                UsageFault_Handler
 .text.DebugMon_Handler
                0x0000000008000832        0xe ./Core/Src/stm32f4xx_it.o
                0x0000000008000832                DebugMon_Handler
 .text.TIM6_DAC_IRQHandler
                0x0000000008000840       0x14 ./Core/Src/stm32f4xx_it.o
                0x0000000008000840                TIM6_DAC_IRQHandler
 .text._read    0x0000000008000854       0x3a ./Core/Src/syscalls.o
                0x0000000008000854                _read
 .text._close   0x000000000800088e       0x18 ./Core/Src/syscalls.o
                0x000000000800088e                _close
 .text._fstat   0x00000000080008a6       0x20 ./Core/Src/syscalls.o
                0x00000000080008a6                _fstat
 .text._isatty  0x00000000080008c6       0x16 ./Core/Src/syscalls.o
                0x00000000080008c6                _isatty
 .text._lseek   0x00000000080008dc       0x1a ./Core/Src/syscalls.o
                0x00000000080008dc                _lseek
 *fill*         0x00000000080008f6        0x2 
 .text.SystemInit
                0x00000000080008f8       0x24 ./Core/Src/system_stm32f4xx.o
                0x00000000080008f8                SystemInit
 .text.Reset_Handler
                0x000000000800091c       0x50 ./Core/Startup/startup_stm32f407vgtx.o
                0x000000000800091c                Reset_Handler
 .text.Default_Handler
                0x000000000800096c        0x2 ./Core/Startup/startup_stm32f407vgtx.o
                0x000000000800096c                RTC_Alarm_IRQHandler
                0x000000000800096c                HASH_RNG_IRQHandler
                0x000000000800096c                EXTI2_IRQHandler
                0x000000000800096c                TIM8_CC_IRQHandler
                0x000000000800096c                TIM1_CC_IRQHandler
                0x000000000800096c                DMA2_Stream5_IRQHandler
                0x000000000800096c                DMA1_Stream5_IRQHandler
                0x000000000800096c                PVD_IRQHandler
                0x000000000800096c                SDIO_IRQHandler
                0x000000000800096c                TAMP_STAMP_IRQHandler
                0x000000000800096c                CAN2_RX1_IRQHandler
                0x000000000800096c                EXTI3_IRQHandler
                0x000000000800096c                TIM8_TRG_COM_TIM14_IRQHandler
                0x000000000800096c                TIM1_UP_TIM10_IRQHandler
                0x000000000800096c                TIM8_UP_TIM13_IRQHandler
                0x000000000800096c                I2C3_ER_IRQHandler
                0x000000000800096c                EXTI0_IRQHandler
                0x000000000800096c                I2C2_EV_IRQHandler
                0x000000000800096c                DMA1_Stream2_IRQHandler
                0x000000000800096c                CAN1_RX0_IRQHandler
                0x000000000800096c                FPU_IRQHandler
                0x000000000800096c                OTG_HS_WKUP_IRQHandler
                0x000000000800096c                CAN2_SCE_IRQHandler
                0x000000000800096c                DMA2_Stream2_IRQHandler
                0x000000000800096c                SPI1_IRQHandler
                0x000000000800096c                TIM1_BRK_TIM9_IRQHandler
                0x000000000800096c                DCMI_IRQHandler
                0x000000000800096c                CAN2_RX0_IRQHandler
                0x000000000800096c                DMA2_Stream3_IRQHandler
                0x000000000800096c                USART6_IRQHandler
                0x000000000800096c                USART3_IRQHandler
                0x000000000800096c                CAN1_RX1_IRQHandler
                0x000000000800096c                UART5_IRQHandler
                0x000000000800096c                DMA2_Stream0_IRQHandler
                0x000000000800096c                TIM4_IRQHandler
                0x000000000800096c                I2C1_EV_IRQHandler
                0x000000000800096c                DMA1_Stream6_IRQHandler
                0x000000000800096c                DMA1_Stream1_IRQHandler
                0x000000000800096c                UART4_IRQHandler
                0x000000000800096c                TIM3_IRQHandler
                0x000000000800096c                RCC_IRQHandler
                0x000000000800096c                TIM8_BRK_TIM12_IRQHandler
                0x000000000800096c                Default_Handler
                0x000000000800096c                EXTI15_10_IRQHandler
                0x000000000800096c                ADC_IRQHandler
                0x000000000800096c                DMA1_Stream7_IRQHandler
                0x000000000800096c                TIM7_IRQHandler
                0x000000000800096c                CAN2_TX_IRQHandler
                0x000000000800096c                TIM5_IRQHandler
                0x000000000800096c                DMA2_Stream7_IRQHandler
                0x000000000800096c                I2C3_EV_IRQHandler
                0x000000000800096c                EXTI9_5_IRQHandler
                0x000000000800096c                RTC_WKUP_IRQHandler
                0x000000000800096c                ETH_WKUP_IRQHandler
                0x000000000800096c                SPI2_IRQHandler
                0x000000000800096c                OTG_HS_EP1_IN_IRQHandler
                0x000000000800096c                DMA1_Stream0_IRQHandler
                0x000000000800096c                CAN1_TX_IRQHandler
                0x000000000800096c                EXTI4_IRQHandler
                0x000000000800096c                FSMC_IRQHandler
                0x000000000800096c                ETH_IRQHandler
                0x000000000800096c                OTG_HS_EP1_OUT_IRQHandler
                0x000000000800096c                WWDG_IRQHandler
                0x000000000800096c                TIM2_IRQHandler
                0x000000000800096c                OTG_FS_WKUP_IRQHandler
                0x000000000800096c                TIM1_TRG_COM_TIM11_IRQHandler
                0x000000000800096c                OTG_HS_IRQHandler
                0x000000000800096c                EXTI1_IRQHandler
                0x000000000800096c                USART2_IRQHandler
                0x000000000800096c                I2C2_ER_IRQHandler
                0x000000000800096c                DMA2_Stream1_IRQHandler
                0x000000000800096c                CAN1_SCE_IRQHandler
                0x000000000800096c                FLASH_IRQHandler
                0x000000000800096c                DMA2_Stream4_IRQHandler
                0x000000000800096c                USART1_IRQHandler
                0x000000000800096c                OTG_FS_IRQHandler
                0x000000000800096c                SPI3_IRQHandler
                0x000000000800096c                DMA1_Stream4_IRQHandler
                0x000000000800096c                I2C1_ER_IRQHandler
                0x000000000800096c                DMA2_Stream6_IRQHandler
                0x000000000800096c                DMA1_Stream3_IRQHandler
 *fill*         0x000000000800096e        0x2 
 .text.HAL_Init
                0x0000000008000970       0x44 ./Drivers/STM32F4xx_HAL_Driver/Src/stm32f4xx_hal.o
                0x0000000008000970                HAL_Init
 .text.HAL_IncTick
                0x00000000080009b4       0x28 ./Drivers/STM32F4xx_HAL_Driver/Src/stm32f4xx_hal.o
                0x00000000080009b4                HAL_IncTick
 .text.HAL_GetTick
                0x00000000080009dc       0x18 ./Drivers/STM32F4xx_HAL_Driver/Src/stm32f4xx_hal.o
                0x00000000080009dc                HAL_GetTick
 .text.__NVIC_SetPriorityGrouping
                0x00000000080009f4       0x48 ./Drivers/STM32F4xx_HAL_Driver/Src/stm32f4xx_hal_cortex.o
 .text.__NVIC_GetPriorityGrouping
                0x0000000008000a3c       0x1c ./Drivers/STM32F4xx_HAL_Driver/Src/stm32f4xx_hal_cortex.o
 .text.__NVIC_EnableIRQ
                0x0000000008000a58       0x3c ./Drivers/STM32F4xx_HAL_Driver/Src/stm32f4xx_hal_cortex.o
 .text.__NVIC_SetPriority
                0x0000000008000a94       0x54 ./Drivers/STM32F4xx_HAL_Driver/Src/stm32f4xx_hal_cortex.o
 .text.NVIC_EncodePriority
                0x0000000008000ae8       0x66 ./Drivers/STM32F4xx_HAL_Driver/Src/stm32f4xx_hal_cortex.o
 .text.HAL_NVIC_SetPriorityGrouping
                0x0000000008000b4e       0x16 ./Drivers/STM32F4xx_HAL_Driver/Src/stm32f4xx_hal_cortex.o
                0x0000000008000b4e                HAL_NVIC_SetPriorityGrouping
 .text.HAL_NVIC_SetPriority
                0x0000000008000b64       0x38 ./Drivers/STM32F4xx_HAL_Driver/Src/stm32f4xx_hal_cortex.o
                0x0000000008000b64                HAL_NVIC_SetPriority
 .text.HAL_NVIC_EnableIRQ
                0x0000000008000b9c       0x1c ./Drivers/STM32F4xx_HAL_Driver/Src/stm32f4xx_hal_cortex.o
                0x0000000008000b9c                HAL_NVIC_EnableIRQ
 .text.HAL_RCC_OscConfig
                0x0000000008000bb8      0x4f0 ./Drivers/STM32F4xx_HAL_Driver/Src/stm32f4xx_hal_rcc.o
                0x0000000008000bb8                HAL_RCC_OscConfig
 .text.HAL_RCC_ClockConfig
                0x00000000080010a8      0x1cc ./Drivers/STM32F4xx_HAL_Driver/Src/stm32f4xx_hal_rcc.o
                0x00000000080010a8                HAL_RCC_ClockConfig
 .text.HAL_RCC_GetSysClockFreq
                0x0000000008001274      0x16c ./Drivers/STM32F4xx_HAL_Driver/Src/stm32f4xx_hal_rcc.o
                0x0000000008001274                HAL_RCC_GetSysClockFreq
 .text.HAL_RCC_GetHCLKFreq
                0x00000000080013e0       0x18 ./Drivers/STM32F4xx_HAL_Driver/Src/stm32f4xx_hal_rcc.o
                0x00000000080013e0                HAL_RCC_GetHCLKFreq
 .text.HAL_RCC_GetPCLK1Freq
                0x00000000080013f8       0x28 ./Drivers/STM32F4xx_HAL_Driver/Src/stm32f4xx_hal_rcc.o
                0x00000000080013f8                HAL_RCC_GetPCLK1Freq
 .text.HAL_RCC_GetClockConfig
                0x0000000008001420       0x64 ./Drivers/STM32F4xx_HAL_Driver/Src/stm32f4xx_hal_rcc.o
                0x0000000008001420                HAL_RCC_GetClockConfig
 .text.HAL_TIM_Base_Init
                0x0000000008001484       0x9e ./Drivers/STM32F4xx_HAL_Driver/Src/stm32f4xx_hal_tim.o
                0x0000000008001484                HAL_TIM_Base_Init
 .text.HAL_TIM_Base_MspInit
                0x0000000008001522       0x14 ./Drivers/STM32F4xx_HAL_Driver/Src/stm32f4xx_hal_tim.o
                0x0000000008001522                HAL_TIM_Base_MspInit
 *fill*         0x0000000008001536        0x2 
 .text.HAL_TIM_Base_Start_IT
                0x0000000008001538       0xe0 ./Drivers/STM32F4xx_HAL_Driver/Src/stm32f4xx_hal_tim.o
                0x0000000008001538                HAL_TIM_Base_Start_IT
 .text.HAL_TIM_IRQHandler
                0x0000000008001618      0x210 ./Drivers/STM32F4xx_HAL_Driver/Src/stm32f4xx_hal_tim.o
                0x0000000008001618                HAL_TIM_IRQHandler
 .text.HAL_TIM_OC_DelayElapsedCallback
                0x0000000008001828       0x14 ./Drivers/STM32F4xx_HAL_Driver/Src/stm32f4xx_hal_tim.o
                0x0000000008001828                HAL_TIM_OC_DelayElapsedCallback
 .text.HAL_TIM_IC_CaptureCallback
                0x000000000800183c       0x14 ./Drivers/STM32F4xx_HAL_Driver/Src/stm32f4xx_hal_tim.o
                0x000000000800183c                HAL_TIM_IC_CaptureCallback
 .text.HAL_TIM_PWM_PulseFinishedCallback
                0x0000000008001850       0x14 ./Drivers/STM32F4xx_HAL_Driver/Src/stm32f4xx_hal_tim.o
                0x0000000008001850                HAL_TIM_PWM_PulseFinishedCallback
 .text.HAL_TIM_TriggerCallback
                0x0000000008001864       0x14 ./Drivers/STM32F4xx_HAL_Driver/Src/stm32f4xx_hal_tim.o
                0x0000000008001864                HAL_TIM_TriggerCallback
 .text.TIM_Base_SetConfig
                0x0000000008001878      0x140 ./Drivers/STM32F4xx_HAL_Driver/Src/stm32f4xx_hal_tim.o
                0x0000000008001878                TIM_Base_SetConfig
 .text.HAL_TIMEx_CommutCallback
                0x00000000080019b8       0x14 ./Drivers/STM32F4xx_HAL_Driver/Src/stm32f4xx_hal_tim_ex.o
                0x00000000080019b8                HAL_TIMEx_CommutCallback
 .text.HAL_TIMEx_BreakCallback
                0x00000000080019cc       0x14 ./Drivers/STM32F4xx_HAL_Driver/Src/stm32f4xx_hal_tim_ex.o
                0x00000000080019cc                HAL_TIMEx_BreakCallback
 .text.vListInitialise
                0x00000000080019e0       0x40 ./Thirdparty/FreeRTOS/list.o
                0x00000000080019e0                vListInitialise
 .text.vListInitialiseItem
                0x0000000008001a20       0x1a ./Thirdparty/FreeRTOS/list.o
                0x0000000008001a20                vListInitialiseItem
 .text.vListInsertEnd
                0x0000000008001a3a       0x48 ./Thirdparty/FreeRTOS/list.o
                0x0000000008001a3a                vListInsertEnd
 .text.vListInsert
                0x0000000008001a82       0x72 ./Thirdparty/FreeRTOS/list.o
                0x0000000008001a82                vListInsert
 .text.uxListRemove
                0x0000000008001af4       0x54 ./Thirdparty/FreeRTOS/list.o
                0x0000000008001af4                uxListRemove
 .text.xQueueGenericReset
                0x0000000008001b48       0xd0 ./Thirdparty/FreeRTOS/queue.o
                0x0000000008001b48                xQueueGenericReset
 .text.xQueueGenericCreate
                0x0000000008001c18       0xbe ./Thirdparty/FreeRTOS/queue.o
                0x0000000008001c18                xQueueGenericCreate
 .text.prvInitialiseNewQueue
                0x0000000008001cd6       0x52 ./Thirdparty/FreeRTOS/queue.o
 .text.xQueueGenericSend
                0x0000000008001d28      0x24c ./Thirdparty/FreeRTOS/queue.o
                0x0000000008001d28                xQueueGenericSend
 .text.xQueueGenericSendFromISR
                0x0000000008001f74      0x17c ./Thirdparty/FreeRTOS/queue.o
                0x0000000008001f74                xQueueGenericSendFromISR
 .text.xQueueReceive
                0x00000000080020f0      0x220 ./Thirdparty/FreeRTOS/queue.o
                0x00000000080020f0                xQueueReceive
 .text.prvCopyDataToQueue
                0x0000000008002310       0xd4 ./Thirdparty/FreeRTOS/queue.o
 .text.prvCopyDataFromQueue
                0x00000000080023e4       0x4c ./Thirdparty/FreeRTOS/queue.o
 .text.prvUnlockQueue
                0x0000000008002430       0xa4 ./Thirdparty/FreeRTOS/queue.o
 .text.prvIsQueueEmpty
                0x00000000080024d4       0x2c ./Thirdparty/FreeRTOS/queue.o
 .text.prvIsQueueFull
                0x0000000008002500       0x30 ./Thirdparty/FreeRTOS/queue.o
 .text.vQueueAddToRegistry
                0x0000000008002530       0x64 ./Thirdparty/FreeRTOS/queue.o
                0x0000000008002530                vQueueAddToRegistry
 .text.vQueueWaitForMessageRestricted
                0x0000000008002594       0x68 ./Thirdparty/FreeRTOS/queue.o
                0x0000000008002594                vQueueWaitForMessageRestricted
 .text.xTaskCreate
                0x00000000080025fc       0x82 ./Thirdparty/FreeRTOS/tasks.o
                0x00000000080025fc                xTaskCreate
 .text.prvInitialiseNewTask
                0x000000000800267e      0x12c ./Thirdparty/FreeRTOS/tasks.o
 *fill*         0x00000000080027aa        0x2 
 .text.prvAddNewTaskToReadyList
                0x00000000080027ac      0x118 ./Thirdparty/FreeRTOS/tasks.o
 .text.vTaskStartScheduler
                0x00000000080028c4       0xc4 ./Thirdparty/FreeRTOS/tasks.o
                0x00000000080028c4                vTaskStartScheduler
 .text.vTaskSuspendAll
                0x0000000008002988       0x1c ./Thirdparty/FreeRTOS/tasks.o
                0x0000000008002988                vTaskSuspendAll
 .text.xTaskResumeAll
                0x00000000080029a4      0x140 ./Thirdparty/FreeRTOS/tasks.o
                0x00000000080029a4                xTaskResumeAll
 .text.xTaskGetTickCount
                0x0000000008002ae4       0x20 ./Thirdparty/FreeRTOS/tasks.o
                0x0000000008002ae4                xTaskGetTickCount
 .text.xTaskGetTickCountFromISR
                0x0000000008002b04       0x24 ./Thirdparty/FreeRTOS/tasks.o
                0x0000000008002b04                xTaskGetTickCountFromISR
 .text.xTaskIncrementTick
                0x0000000008002b28      0x178 ./Thirdparty/FreeRTOS/tasks.o
                0x0000000008002b28                xTaskIncrementTick
 .text.vTaskSwitchContext
                0x0000000008002ca0       0xd4 ./Thirdparty/FreeRTOS/tasks.o
                0x0000000008002ca0                vTaskSwitchContext
 .text.vTaskPlaceOnEventList
                0x0000000008002d74       0x48 ./Thirdparty/FreeRTOS/tasks.o
                0x0000000008002d74                vTaskPlaceOnEventList
 .text.vTaskPlaceOnEventListRestricted
                0x0000000008002dbc       0x5c ./Thirdparty/FreeRTOS/tasks.o
                0x0000000008002dbc                vTaskPlaceOnEventListRestricted
 .text.xTaskRemoveFromEventList
                0x0000000008002e18       0xcc ./Thirdparty/FreeRTOS/tasks.o
                0x0000000008002e18                xTaskRemoveFromEventList
 .text.vTaskInternalSetTimeOutState
                0x0000000008002ee4       0x2c ./Thirdparty/FreeRTOS/tasks.o
                0x0000000008002ee4                vTaskInternalSetTimeOutState
 .text.xTaskCheckForTimeOut
                0x0000000008002f10       0xcc ./Thirdparty/FreeRTOS/tasks.o
                0x0000000008002f10                xTaskCheckForTimeOut
 .text.vTaskMissedYield
                0x0000000008002fdc       0x18 ./Thirdparty/FreeRTOS/tasks.o
                0x0000000008002fdc                vTaskMissedYield
 .text.prvIdleTask
                0x0000000008002ff4       0x30 ./Thirdparty/FreeRTOS/tasks.o
 .text.prvInitialiseTaskLists
                0x0000000008003024       0x80 ./Thirdparty/FreeRTOS/tasks.o
 .text.prvCheckTasksWaitingTermination
                0x00000000080030a4       0x5c ./Thirdparty/FreeRTOS/tasks.o
 .text.prvDeleteTCB
                0x0000000008003100       0x20 ./Thirdparty/FreeRTOS/tasks.o
 .text.prvResetNextTaskUnblockTime
                0x0000000008003120       0x38 ./Thirdparty/FreeRTOS/tasks.o
 .text.xTaskGetSchedulerState
                0x0000000008003158       0x3c ./Thirdparty/FreeRTOS/tasks.o
                0x0000000008003158                xTaskGetSchedulerState
 .text.xTaskPriorityDisinherit
                0x0000000008003194      0x100 ./Thirdparty/FreeRTOS/tasks.o
                0x0000000008003194                xTaskPriorityDisinherit
 .text.prvAddCurrentTaskToDelayedList
                0x0000000008003294       0xf0 ./Thirdparty/FreeRTOS/tasks.o
 .text.xTimerCreateTimerTask
                0x0000000008003384       0x64 ./Thirdparty/FreeRTOS/timers.o
                0x0000000008003384                xTimerCreateTimerTask
 .text.xTimerGenericCommand
                0x00000000080033e8       0x9c ./Thirdparty/FreeRTOS/timers.o
                0x00000000080033e8                xTimerGenericCommand
 .text.prvProcessExpiredTimer
                0x0000000008003484       0x98 ./Thirdparty/FreeRTOS/timers.o
 .text.prvTimerTask
                0x000000000800351c       0x24 ./Thirdparty/FreeRTOS/timers.o
 .text.prvProcessTimerOrBlockTask
                0x0000000008003540       0x9c ./Thirdparty/FreeRTOS/timers.o
 .text.prvGetNextExpireTime
                0x00000000080035dc       0x48 ./Thirdparty/FreeRTOS/timers.o
 .text.prvSampleTimeNow
                0x0000000008003624       0x40 ./Thirdparty/FreeRTOS/timers.o
 .text.prvInsertTimerInActiveList
                0x0000000008003664       0x84 ./Thirdparty/FreeRTOS/timers.o
 .text.prvProcessReceivedCommands
                0x00000000080036e8      0x18c ./Thirdparty/FreeRTOS/timers.o
 .text.prvSwitchTimerLists
                0x0000000008003874       0xc8 ./Thirdparty/FreeRTOS/timers.o
 .text.prvCheckForValidListAndQueue
                0x000000000800393c       0x6c ./Thirdparty/FreeRTOS/timers.o
 .text.pxPortInitialiseStack
                0x00000000080039a8       0x68 ./Thirdparty/FreeRTOS/portable/GCC/ARM_CM4F/port.o
                0x00000000080039a8                pxPortInitialiseStack
 .text.prvTaskExitError
                0x0000000008003a10       0x58 ./Thirdparty/FreeRTOS/portable/GCC/ARM_CM4F/port.o
 *fill*         0x0000000008003a68        0x8 
 .text.SVC_Handler
                0x0000000008003a70       0x28 ./Thirdparty/FreeRTOS/portable/GCC/ARM_CM4F/port.o
                0x0000000008003a70                SVC_Handler
 .text.prvPortStartFirstTask
                0x0000000008003a98       0x2c ./Thirdparty/FreeRTOS/portable/GCC/ARM_CM4F/port.o
 .text.xPortStartScheduler
                0x0000000008003ac4      0x144 ./Thirdparty/FreeRTOS/portable/GCC/ARM_CM4F/port.o
                0x0000000008003ac4                xPortStartScheduler
 .text.vInitPrioGroupValue
                0x0000000008003c08       0xfc ./Thirdparty/FreeRTOS/portable/GCC/ARM_CM4F/port.o
                0x0000000008003c08                vInitPrioGroupValue
 .text.vPortEnterCritical
                0x0000000008003d04       0x60 ./Thirdparty/FreeRTOS/portable/GCC/ARM_CM4F/port.o
                0x0000000008003d04                vPortEnterCritical
 .text.vPortExitCritical
                0x0000000008003d64       0x54 ./Thirdparty/FreeRTOS/portable/GCC/ARM_CM4F/port.o
                0x0000000008003d64                vPortExitCritical
 *fill*         0x0000000008003db8        0x8 
 .text.PendSV_Handler
                0x0000000008003dc0       0x68 ./Thirdparty/FreeRTOS/portable/GCC/ARM_CM4F/port.o
                0x0000000008003dc0                PendSV_Handler
 .text.SysTick_Handler
                0x0000000008003e28       0x54 ./Thirdparty/FreeRTOS/portable/GCC/ARM_CM4F/port.o
                0x0000000008003e28                SysTick_Handler
 .text.vPortSetupTimerInterrupt
                0x0000000008003e7c       0x48 ./Thirdparty/FreeRTOS/portable/GCC/ARM_CM4F/port.o
                0x0000000008003e7c                vPortSetupTimerInterrupt
 .text.vPortEnableVFP
                0x0000000008003ec4       0x18 ./Thirdparty/FreeRTOS/portable/GCC/ARM_CM4F/port.o
 .text.vPortValidateInterruptPriority
                0x0000000008003edc       0x80 ./Thirdparty/FreeRTOS/portable/GCC/ARM_CM4F/port.o
                0x0000000008003edc                vPortValidateInterruptPriority
 .text.pvPortMalloc
                0x0000000008003f5c      0x1c0 ./Thirdparty/FreeRTOS/portable/MemMang/heap_4.o
                0x0000000008003f5c                pvPortMalloc
 .text.vPortFree
                0x000000000800411c       0xc4 ./Thirdparty/FreeRTOS/portable/MemMang/heap_4.o
                0x000000000800411c                vPortFree
 .text.prvHeapInit
                0x00000000080041e0       0xc4 ./Thirdparty/FreeRTOS/portable/MemMang/heap_4.o
 .text.prvInsertBlockIntoFreeList
                0x00000000080042a4       0xb4 ./Thirdparty/FreeRTOS/portable/MemMang/heap_4.o
 .text._cbSendSystemDesc
                0x0000000008004358       0x1c ./Thirdparty/SEGGER/Config/SEGGER_SYSVIEW_Config_FreeRTOS.o
 .text.SEGGER_SYSVIEW_Conf
                0x0000000008004374       0x2c ./Thirdparty/SEGGER/Config/SEGGER_SYSVIEW_Config_FreeRTOS.o
                0x0000000008004374                SEGGER_SYSVIEW_Conf
 .text._cbSendTaskList
                0x00000000080043a0       0x90 ./Thirdparty/SEGGER/OS/SEGGER_SYSVIEW_FreeRTOS.o
 .text._cbGetTime
                0x0000000008004430       0x78 ./Thirdparty/SEGGER/OS/SEGGER_SYSVIEW_FreeRTOS.o
 .text.SYSVIEW_AddTask
                0x00000000080044a8       0xd0 ./Thirdparty/SEGGER/OS/SEGGER_SYSVIEW_FreeRTOS.o
                0x00000000080044a8                SYSVIEW_AddTask
 .text.SYSVIEW_SendTaskInfo
                0x0000000008004578       0x42 ./Thirdparty/SEGGER/OS/SEGGER_SYSVIEW_FreeRTOS.o
                0x0000000008004578                SYSVIEW_SendTaskInfo
 *fill*         0x00000000080045ba        0x2 
 .text._DoInit  0x00000000080045bc       0xb0 ./Thirdparty/SEGGER/SEGGER/SEGGER_RTT.o
 .text._WriteBlocking
                0x000000000800466c       0xba ./Thirdparty/SEGGER/SEGGER/SEGGER_RTT.o
 .text._WriteNoCheck
                0x0000000008004726       0x90 ./Thirdparty/SEGGER/SEGGER/SEGGER_RTT.o
 .text._GetAvailWriteSpace
                0x00000000080047b6       0x46 ./Thirdparty/SEGGER/SEGGER/SEGGER_RTT.o
 .text.SEGGER_RTT_ReadNoLock
                0x00000000080047fc      0x10c ./Thirdparty/SEGGER/SEGGER/SEGGER_RTT.o
                0x00000000080047fc                SEGGER_RTT_ReadNoLock
 .text.SEGGER_RTT_WriteNoLock
                0x0000000008004908       0xa0 ./Thirdparty/SEGGER/SEGGER/SEGGER_RTT.o
                0x0000000008004908                SEGGER_RTT_WriteNoLock
 .text.SEGGER_RTT_Write
                0x00000000080049a8       0x4c ./Thirdparty/SEGGER/SEGGER/SEGGER_RTT.o
                0x00000000080049a8                SEGGER_RTT_Write
 .text.SEGGER_RTT_AllocUpBuffer
                0x00000000080049f4      0x108 ./Thirdparty/SEGGER/SEGGER/SEGGER_RTT.o
                0x00000000080049f4                SEGGER_RTT_AllocUpBuffer
 .text.SEGGER_RTT_ConfigDownBuffer
                0x0000000008004afc       0xe0 ./Thirdparty/SEGGER/SEGGER/SEGGER_RTT.o
                0x0000000008004afc                SEGGER_RTT_ConfigDownBuffer
 .text._EncodeStr
                0x0000000008004bdc       0x9a ./Thirdparty/SEGGER/SEGGER/SEGGER_SYSVIEW.o
 .text._PreparePacket
                0x0000000008004c76       0x18 ./Thirdparty/SEGGER/SEGGER/SEGGER_SYSVIEW.o
 *fill*         0x0000000008004c8e        0x2 
 .text._HandleIncomingPacket
                0x0000000008004c90       0xe4 ./Thirdparty/SEGGER/SEGGER/SEGGER_SYSVIEW.o
 .text._TrySendOverflowPacket
                0x0000000008004d74       0xe4 ./Thirdparty/SEGGER/SEGGER/SEGGER_SYSVIEW.o
 .text._SendPacket
                0x0000000008004e58      0x1cc ./Thirdparty/SEGGER/SEGGER/SEGGER_SYSVIEW.o
 .text.SEGGER_SYSVIEW_Init
                0x0000000008005024       0x88 ./Thirdparty/SEGGER/SEGGER/SEGGER_SYSVIEW.o
                0x0000000008005024                SEGGER_SYSVIEW_Init
 .text.SEGGER_SYSVIEW_SetRAMBase
                0x00000000080050ac       0x20 ./Thirdparty/SEGGER/SEGGER/SEGGER_SYSVIEW.o
                0x00000000080050ac                SEGGER_SYSVIEW_SetRAMBase
 .text.SEGGER_SYSVIEW_RecordVoid
                0x00000000080050cc       0x3c ./Thirdparty/SEGGER/SEGGER/SEGGER_SYSVIEW.o
                0x00000000080050cc                SEGGER_SYSVIEW_RecordVoid
 .text.SEGGER_SYSVIEW_RecordU32
                0x0000000008005108       0x78 ./Thirdparty/SEGGER/SEGGER/SEGGER_SYSVIEW.o
                0x0000000008005108                SEGGER_SYSVIEW_RecordU32
 .text.SEGGER_SYSVIEW_RecordU32x2
                0x0000000008005180       0xb4 ./Thirdparty/SEGGER/SEGGER/SEGGER_SYSVIEW.o
                0x0000000008005180                SEGGER_SYSVIEW_RecordU32x2
 .text.SEGGER_SYSVIEW_RecordU32x3
                0x0000000008005234       0xec ./Thirdparty/SEGGER/SEGGER/SEGGER_SYSVIEW.o
                0x0000000008005234                SEGGER_SYSVIEW_RecordU32x3
 .text.SEGGER_SYSVIEW_RecordU32x4
                0x0000000008005320      0x124 ./Thirdparty/SEGGER/SEGGER/SEGGER_SYSVIEW.o
                0x0000000008005320                SEGGER_SYSVIEW_RecordU32x4
 .text.SEGGER_SYSVIEW_Start
                0x0000000008005444      0x174 ./Thirdparty/SEGGER/SEGGER/SEGGER_SYSVIEW.o
                0x0000000008005444                SEGGER_SYSVIEW_Start
 .text.SEGGER_SYSVIEW_Stop
                0x00000000080055b8       0x4c ./Thirdparty/SEGGER/SEGGER/SEGGER_SYSVIEW.o
                0x00000000080055b8                SEGGER_SYSVIEW_Stop
 .text.SEGGER_SYSVIEW_GetSysDesc
                0x0000000008005604      0x134 ./Thirdparty/SEGGER/SEGGER/SEGGER_SYSVIEW.o
                0x0000000008005604                SEGGER_SYSVIEW_GetSysDesc
 .text.SEGGER_SYSVIEW_SendTaskInfo
                0x0000000008005738      0x1c8 ./Thirdparty/SEGGER/SEGGER/SEGGER_SYSVIEW.o
                0x0000000008005738                SEGGER_SYSVIEW_SendTaskInfo
 .text.SEGGER_SYSVIEW_SendTaskList
                0x0000000008005900       0x28 ./Thirdparty/SEGGER/SEGGER/SEGGER_SYSVIEW.o
                0x0000000008005900                SEGGER_SYSVIEW_SendTaskList
 .text.SEGGER_SYSVIEW_SendSysDesc
                0x0000000008005928       0x48 ./Thirdparty/SEGGER/SEGGER/SEGGER_SYSVIEW.o
                0x0000000008005928                SEGGER_SYSVIEW_SendSysDesc
 .text.SEGGER_SYSVIEW_RecordSystime
                0x0000000008005970       0x64 ./Thirdparty/SEGGER/SEGGER/SEGGER_SYSVIEW.o
                0x0000000008005970                SEGGER_SYSVIEW_RecordSystime
 .text.SEGGER_SYSVIEW_RecordEnterISR
                0x00000000080059d4       0x84 ./Thirdparty/SEGGER/SEGGER/SEGGER_SYSVIEW.o
                0x00000000080059d4                SEGGER_SYSVIEW_RecordEnterISR
 .text.SEGGER_SYSVIEW_RecordExitISR
                0x0000000008005a58       0x38 ./Thirdparty/SEGGER/SEGGER/SEGGER_SYSVIEW.o
                0x0000000008005a58                SEGGER_SYSVIEW_RecordExitISR
 .text.SEGGER_SYSVIEW_RecordExitISRToScheduler
                0x0000000008005a90       0x38 ./Thirdparty/SEGGER/SEGGER/SEGGER_SYSVIEW.o
                0x0000000008005a90                SEGGER_SYSVIEW_RecordExitISRToScheduler
 .text.SEGGER_SYSVIEW_OnIdle
                0x0000000008005ac8       0x38 ./Thirdparty/SEGGER/SEGGER/SEGGER_SYSVIEW.o
                0x0000000008005ac8                SEGGER_SYSVIEW_OnIdle
 .text.SEGGER_SYSVIEW_OnTaskCreate
                0x0000000008005b00       0x84 ./Thirdparty/SEGGER/SEGGER/SEGGER_SYSVIEW.o
                0x0000000008005b00                SEGGER_SYSVIEW_OnTaskCreate
 .text.SEGGER_SYSVIEW_OnTaskStartExec
                0x0000000008005b84       0x84 ./Thirdparty/SEGGER/SEGGER/SEGGER_SYSVIEW.o
                0x0000000008005b84                SEGGER_SYSVIEW_OnTaskStartExec
 .text.SEGGER_SYSVIEW_OnTaskStartReady
                0x0000000008005c08       0x84 ./Thirdparty/SEGGER/SEGGER/SEGGER_SYSVIEW.o
                0x0000000008005c08                SEGGER_SYSVIEW_OnTaskStartReady
 .text.SEGGER_SYSVIEW_OnTaskStopReady
                0x0000000008005c8c       0xc0 ./Thirdparty/SEGGER/SEGGER/SEGGER_SYSVIEW.o
                0x0000000008005c8c                SEGGER_SYSVIEW_OnTaskStopReady
 .text.SEGGER_SYSVIEW_ShrinkId
                0x0000000008005d4c       0x20 ./Thirdparty/SEGGER/SEGGER/SEGGER_SYSVIEW.o
                0x0000000008005d4c                SEGGER_SYSVIEW_ShrinkId
 .text.SEGGER_SYSVIEW_SendModule
                0x0000000008005d6c      0x100 ./Thirdparty/SEGGER/SEGGER/SEGGER_SYSVIEW.o
                0x0000000008005d6c                SEGGER_SYSVIEW_SendModule
 .text.SEGGER_SYSVIEW_SendModuleDescription
                0x0000000008005e6c       0x3c ./Thirdparty/SEGGER/SEGGER/SEGGER_SYSVIEW.o
                0x0000000008005e6c                SEGGER_SYSVIEW_SendModuleDescription
 .text.SEGGER_SYSVIEW_SendNumModules
                0x0000000008005ea8       0x7c ./Thirdparty/SEGGER/SEGGER/SEGGER_SYSVIEW.o
                0x0000000008005ea8                SEGGER_SYSVIEW_SendNumModules
 .text.SEGGER_SYSVIEW_Warn
                0x0000000008005f24       0xb8 ./Thirdparty/SEGGER/SEGGER/SEGGER_SYSVIEW.o
                0x0000000008005f24                SEGGER_SYSVIEW_Warn
 .text._write_r
                0x0000000008005fdc       0x22 ./Thirdparty/SEGGER/SEGGER/Syscalls/SEGGER_RTT_Syscalls_GCC.o
                0x0000000008005fdc                _write_r
 *fill*         0x0000000008005ffe        0x2 
 .text.__libc_init_array
                0x0000000008006000       0x48 c:/st/stm32cubeide_1.7.0/stm32cubeide/plugins/com.st.stm32cube.ide.mcu.externaltools.gnu-tools-for-stm32.9-2020-q2-update.win32_2.0.0.202105311346/tools/bin/../lib/gcc/arm-none-eabi/9.3.1/../../../../arm-none-eabi/lib/thumb/v7e-m+fp/hard\libc_nano.a(lib_a-init.o)
                0x0000000008006000                __libc_init_array
 .text.memcmp   0x0000000008006048       0x1c c:/st/stm32cubeide_1.7.0/stm32cubeide/plugins/com.st.stm32cube.ide.mcu.externaltools.gnu-tools-for-stm32.9-2020-q2-update.win32_2.0.0.202105311346/tools/bin/../lib/gcc/arm-none-eabi/9.3.1/../../../../arm-none-eabi/lib/thumb/v7e-m+fp/hard\libc_nano.a(lib_a-memcmp.o)
                0x0000000008006048                memcmp
 .text.memcpy   0x0000000008006064       0x1c c:/st/stm32cubeide_1.7.0/stm32cubeide/plugins/com.st.stm32cube.ide.mcu.externaltools.gnu-tools-for-stm32.9-2020-q2-update.win32_2.0.0.202105311346/tools/bin/../lib/gcc/arm-none-eabi/9.3.1/../../../../arm-none-eabi/lib/thumb/v7e-m+fp/hard\libc_nano.a(lib_a-memcpy-stub.o)
                0x0000000008006064                memcpy
 .text.memset   0x0000000008006080       0x10 c:/st/stm32cubeide_1.7.0/stm32cubeide/plugins/com.st.stm32cube.ide.mcu.externaltools.gnu-tools-for-stm32.9-2020-q2-update.win32_2.0.0.202105311346/tools/bin/../lib/gcc/arm-none-eabi/9.3.1/../../../../arm-none-eabi/lib/thumb/v7e-m+fp/hard\libc_nano.a(lib_a-memset.o)
                0x0000000008006080                memset
 .text._puts_r  0x0000000008006090       0xdc c:/st/stm32cubeide_1.7.0/stm32cubeide/plugins/com.st.stm32cube.ide.mcu.externaltools.gnu-tools-for-stm32.9-2020-q2-update.win32_2.0.0.202105311346/tools/bin/../lib/gcc/arm-none-eabi/9.3.1/../../../../arm-none-eabi/lib/thumb/v7e-m+fp/hard\libc_nano.a(lib_a-puts.o)
                0x0000000008006090                _puts_r
 .text.puts     0x000000000800616c       0x10 c:/st/stm32cubeide_1.7.0/stm32cubeide/plugins/com.st.stm32cube.ide.mcu.externaltools.gnu-tools-for-stm32.9-2020-q2-update.win32_2.0.0.202105311346/tools/bin/../lib/gcc/arm-none-eabi/9.3.1/../../../../arm-none-eabi/lib/thumb/v7e-m+fp/hard\libc_nano.a(lib_a-puts.o)
                0x000000000800616c                puts
 .text.__swbuf_r
                0x000000000800617c       0xa4 c:/st/stm32cubeide_1.7.0/stm32cubeide/plugins/com.st.stm32cube.ide.mcu.externaltools.gnu-tools-for-stm32.9-2020-q2-update.win32_2.0.0.202105311346/tools/bin/../lib/gcc/arm-none-eabi/9.3.1/../../../../arm-none-eabi/lib/thumb/v7e-m+fp/hard\libc_nano.a(lib_a-wbuf.o)
                0x000000000800617c                __swbuf_r
 .text.__swsetup_r
                0x0000000008006220       0xdc c:/st/stm32cubeide_1.7.0/stm32cubeide/plugins/com.st.stm32cube.ide.mcu.externaltools.gnu-tools-for-stm32.9-2020-q2-update.win32_2.0.0.202105311346/tools/bin/../lib/gcc/arm-none-eabi/9.3.1/../../../../arm-none-eabi/lib/thumb/v7e-m+fp/hard\libc_nano.a(lib_a-wsetup.o)
                0x0000000008006220                __swsetup_r
 .text.__sflush_r
                0x00000000080062fc      0x10c c:/st/stm32cubeide_1.7.0/stm32cubeide/plugins/com.st.stm32cube.ide.mcu.externaltools.gnu-tools-for-stm32.9-2020-q2-update.win32_2.0.0.202105311346/tools/bin/../lib/gcc/arm-none-eabi/9.3.1/../../../../arm-none-eabi/lib/thumb/v7e-m+fp/hard\libc_nano.a(lib_a-fflush.o)
                0x00000000080062fc                __sflush_r
 .text._fflush_r
                0x0000000008006408       0x78 c:/st/stm32cubeide_1.7.0/stm32cubeide/plugins/com.st.stm32cube.ide.mcu.externaltools.gnu-tools-for-stm32.9-2020-q2-update.win32_2.0.0.202105311346/tools/bin/../lib/gcc/arm-none-eabi/9.3.1/../../../../arm-none-eabi/lib/thumb/v7e-m+fp/hard\libc_nano.a(lib_a-fflush.o)
                0x0000000008006408                _fflush_r
 .text.std      0x0000000008006480       0x48 c:/st/stm32cubeide_1.7.0/stm32cubeide/plugins/com.st.stm32cube.ide.mcu.externaltools.gnu-tools-for-stm32.9-2020-q2-update.win32_2.0.0.202105311346/tools/bin/../lib/gcc/arm-none-eabi/9.3.1/../../../../arm-none-eabi/lib/thumb/v7e-m+fp/hard\libc_nano.a(lib_a-findfp.o)
 .text._cleanup_r
                0x00000000080064c8        0xc c:/st/stm32cubeide_1.7.0/stm32cubeide/plugins/com.st.stm32cube.ide.mcu.externaltools.gnu-tools-for-stm32.9-2020-q2-update.win32_2.0.0.202105311346/tools/bin/../lib/gcc/arm-none-eabi/9.3.1/../../../../arm-none-eabi/lib/thumb/v7e-m+fp/hard\libc_nano.a(lib_a-findfp.o)
                0x00000000080064c8                _cleanup_r
 .text.__sfmoreglue
                0x00000000080064d4       0x2c c:/st/stm32cubeide_1.7.0/stm32cubeide/plugins/com.st.stm32cube.ide.mcu.externaltools.gnu-tools-for-stm32.9-2020-q2-update.win32_2.0.0.202105311346/tools/bin/../lib/gcc/arm-none-eabi/9.3.1/../../../../arm-none-eabi/lib/thumb/v7e-m+fp/hard\libc_nano.a(lib_a-findfp.o)
                0x00000000080064d4                __sfmoreglue
 .text.__sfp_lock_acquire
                0x0000000008006500        0xc c:/st/stm32cubeide_1.7.0/stm32cubeide/plugins/com.st.stm32cube.ide.mcu.externaltools.gnu-tools-for-stm32.9-2020-q2-update.win32_2.0.0.202105311346/tools/bin/../lib/gcc/arm-none-eabi/9.3.1/../../../../arm-none-eabi/lib/thumb/v7e-m+fp/hard\libc_nano.a(lib_a-findfp.o)
                0x0000000008006500                __sfp_lock_acquire
 .text.__sfp_lock_release
                0x000000000800650c        0xc c:/st/stm32cubeide_1.7.0/stm32cubeide/plugins/com.st.stm32cube.ide.mcu.externaltools.gnu-tools-for-stm32.9-2020-q2-update.win32_2.0.0.202105311346/tools/bin/../lib/gcc/arm-none-eabi/9.3.1/../../../../arm-none-eabi/lib/thumb/v7e-m+fp/hard\libc_nano.a(lib_a-findfp.o)
                0x000000000800650c                __sfp_lock_release
 .text.__sinit_lock_acquire
                0x0000000008006518        0xc c:/st/stm32cubeide_1.7.0/stm32cubeide/plugins/com.st.stm32cube.ide.mcu.externaltools.gnu-tools-for-stm32.9-2020-q2-update.win32_2.0.0.202105311346/tools/bin/../lib/gcc/arm-none-eabi/9.3.1/../../../../arm-none-eabi/lib/thumb/v7e-m+fp/hard\libc_nano.a(lib_a-findfp.o)
                0x0000000008006518                __sinit_lock_acquire
 .text.__sinit_lock_release
                0x0000000008006524        0xc c:/st/stm32cubeide_1.7.0/stm32cubeide/plugins/com.st.stm32cube.ide.mcu.externaltools.gnu-tools-for-stm32.9-2020-q2-update.win32_2.0.0.202105311346/tools/bin/../lib/gcc/arm-none-eabi/9.3.1/../../../../arm-none-eabi/lib/thumb/v7e-m+fp/hard\libc_nano.a(lib_a-findfp.o)
                0x0000000008006524                __sinit_lock_release
 .text.__sinit  0x0000000008006530       0x70 c:/st/stm32cubeide_1.7.0/stm32cubeide/plugins/com.st.stm32cube.ide.mcu.externaltools.gnu-tools-for-stm32.9-2020-q2-update.win32_2.0.0.202105311346/tools/bin/../lib/gcc/arm-none-eabi/9.3.1/../../../../arm-none-eabi/lib/thumb/v7e-m+fp/hard\libc_nano.a(lib_a-findfp.o)
                0x0000000008006530                __sinit
 .text.__sfp    0x00000000080065a0       0x8c c:/st/stm32cubeide_1.7.0/stm32cubeide/plugins/com.st.stm32cube.ide.mcu.externaltools.gnu-tools-for-stm32.9-2020-q2-update.win32_2.0.0.202105311346/tools/bin/../lib/gcc/arm-none-eabi/9.3.1/../../../../arm-none-eabi/lib/thumb/v7e-m+fp/hard\libc_nano.a(lib_a-findfp.o)
                0x00000000080065a0                __sfp
 .text._fwalk_reent
                0x000000000800662c       0x3e c:/st/stm32cubeide_1.7.0/stm32cubeide/plugins/com.st.stm32cube.ide.mcu.externaltools.gnu-tools-for-stm32.9-2020-q2-update.win32_2.0.0.202105311346/tools/bin/../lib/gcc/arm-none-eabi/9.3.1/../../../../arm-none-eabi/lib/thumb/v7e-m+fp/hard\libc_nano.a(lib_a-fwalk.o)
                0x000000000800662c                _fwalk_reent
 .text.__retarget_lock_init_recursive
                0x000000000800666a        0x2 c:/st/stm32cubeide_1.7.0/stm32cubeide/plugins/com.st.stm32cube.ide.mcu.externaltools.gnu-tools-for-stm32.9-2020-q2-update.win32_2.0.0.202105311346/tools/bin/../lib/gcc/arm-none-eabi/9.3.1/../../../../arm-none-eabi/lib/thumb/v7e-m+fp/hard\libc_nano.a(lib_a-lock.o)
                0x000000000800666a                __retarget_lock_init_recursive
 .text.__retarget_lock_acquire_recursive
                0x000000000800666c        0x2 c:/st/stm32cubeide_1.7.0/stm32cubeide/plugins/com.st.stm32cube.ide.mcu.externaltools.gnu-tools-for-stm32.9-2020-q2-update.win32_2.0.0.202105311346/tools/bin/../lib/gcc/arm-none-eabi/9.3.1/../../../../arm-none-eabi/lib/thumb/v7e-m+fp/hard\libc_nano.a(lib_a-lock.o)
                0x000000000800666c                __retarget_lock_acquire_recursive
 .text.__retarget_lock_release_recursive
                0x000000000800666e        0x2 c:/st/stm32cubeide_1.7.0/stm32cubeide/plugins/com.st.stm32cube.ide.mcu.externaltools.gnu-tools-for-stm32.9-2020-q2-update.win32_2.0.0.202105311346/tools/bin/../lib/gcc/arm-none-eabi/9.3.1/../../../../arm-none-eabi/lib/thumb/v7e-m+fp/hard\libc_nano.a(lib_a-lock.o)
                0x000000000800666e                __retarget_lock_release_recursive
 .text.__swhatbuf_r
                0x0000000008006670       0x48 c:/st/stm32cubeide_1.7.0/stm32cubeide/plugins/com.st.stm32cube.ide.mcu.externaltools.gnu-tools-for-stm32.9-2020-q2-update.win32_2.0.0.202105311346/tools/bin/../lib/gcc/arm-none-eabi/9.3.1/../../../../arm-none-eabi/lib/thumb/v7e-m+fp/hard\libc_nano.a(lib_a-makebuf.o)
                0x0000000008006670                __swhatbuf_r
 .text.__smakebuf_r
                0x00000000080066b8       0x80 c:/st/stm32cubeide_1.7.0/stm32cubeide/plugins/com.st.stm32cube.ide.mcu.externaltools.gnu-tools-for-stm32.9-2020-q2-update.win32_2.0.0.202105311346/tools/bin/../lib/gcc/arm-none-eabi/9.3.1/../../../../arm-none-eabi/lib/thumb/v7e-m+fp/hard\libc_nano.a(lib_a-makebuf.o)
                0x00000000080066b8                __smakebuf_r
 .text._free_r  0x0000000008006738       0xa0 c:/st/stm32cubeide_1.7.0/stm32cubeide/plugins/com.st.stm32cube.ide.mcu.externaltools.gnu-tools-for-stm32.9-2020-q2-update.win32_2.0.0.202105311346/tools/bin/../lib/gcc/arm-none-eabi/9.3.1/../../../../arm-none-eabi/lib/thumb/v7e-m+fp/hard\libc_nano.a(lib_a-nano-freer.o)
                0x0000000008006738                _free_r
 .text._malloc_r
                0x00000000080067d8       0xb4 c:/st/stm32cubeide_1.7.0/stm32cubeide/plugins/com.st.stm32cube.ide.mcu.externaltools.gnu-tools-for-stm32.9-2020-q2-update.win32_2.0.0.202105311346/tools/bin/../lib/gcc/arm-none-eabi/9.3.1/../../../../arm-none-eabi/lib/thumb/v7e-m+fp/hard\libc_nano.a(lib_a-nano-mallocr.o)
                0x00000000080067d8                _malloc_r
 .text._sbrk_r  0x000000000800688c       0x20 c:/st/stm32cubeide_1.7.0/stm32cubeide/plugins/com.st.stm32cube.ide.mcu.externaltools.gnu-tools-for-stm32.9-2020-q2-update.win32_2.0.0.202105311346/tools/bin/../lib/gcc/arm-none-eabi/9.3.1/../../../../arm-none-eabi/lib/thumb/v7e-m+fp/hard\libc_nano.a(lib_a-sbrkr.o)
                0x000000000800688c                _sbrk_r
 .text.__sread  0x00000000080068ac       0x22 c:/st/stm32cubeide_1.7.0/stm32cubeide/plugins/com.st.stm32cube.ide.mcu.externaltools.gnu-tools-for-stm32.9-2020-q2-update.win32_2.0.0.202105311346/tools/bin/../lib/gcc/arm-none-eabi/9.3.1/../../../../arm-none-eabi/lib/thumb/v7e-m+fp/hard\libc_nano.a(lib_a-stdio.o)
                0x00000000080068ac                __sread
 .text.__swrite
                0x00000000080068ce       0x38 c:/st/stm32cubeide_1.7.0/stm32cubeide/plugins/com.st.stm32cube.ide.mcu.externaltools.gnu-tools-for-stm32.9-2020-q2-update.win32_2.0.0.202105311346/tools/bin/../lib/gcc/arm-none-eabi/9.3.1/../../../../arm-none-eabi/lib/thumb/v7e-m+fp/hard\libc_nano.a(lib_a-stdio.o)
                0x00000000080068ce                __swrite
 .text.__sseek  0x0000000008006906       0x24 c:/st/stm32cubeide_1.7.0/stm32cubeide/plugins/com.st.stm32cube.ide.mcu.externaltools.gnu-tools-for-stm32.9-2020-q2-update.win32_2.0.0.202105311346/tools/bin/../lib/gcc/arm-none-eabi/9.3.1/../../../../arm-none-eabi/lib/thumb/v7e-m+fp/hard\libc_nano.a(lib_a-stdio.o)
                0x0000000008006906                __sseek
 .text.__sclose
                0x000000000800692a        0x8 c:/st/stm32cubeide_1.7.0/stm32cubeide/plugins/com.st.stm32cube.ide.mcu.externaltools.gnu-tools-for-stm32.9-2020-q2-update.win32_2.0.0.202105311346/tools/bin/../lib/gcc/arm-none-eabi/9.3.1/../../../../arm-none-eabi/lib/thumb/v7e-m+fp/hard\libc_nano.a(lib_a-stdio.o)
                0x000000000800692a                __sclose
 *fill*         0x0000000008006932        0x2 
 .text._close_r
                0x0000000008006934       0x20 c:/st/stm32cubeide_1.7.0/stm32cubeide/plugins/com.st.stm32cube.ide.mcu.externaltools.gnu-tools-for-stm32.9-2020-q2-update.win32_2.0.0.202105311346/tools/bin/../lib/gcc/arm-none-eabi/9.3.1/../../../../arm-none-eabi/lib/thumb/v7e-m+fp/hard\libc_nano.a(lib_a-closer.o)
                0x0000000008006934                _close_r
 .text._fstat_r
                0x0000000008006954       0x24 c:/st/stm32cubeide_1.7.0/stm32cubeide/plugins/com.st.stm32cube.ide.mcu.externaltools.gnu-tools-for-stm32.9-2020-q2-update.win32_2.0.0.202105311346/tools/bin/../lib/gcc/arm-none-eabi/9.3.1/../../../../arm-none-eabi/lib/thumb/v7e-m+fp/hard\libc_nano.a(lib_a-fstatr.o)
                0x0000000008006954                _fstat_r
 .text._isatty_r
                0x0000000008006978       0x20 c:/st/stm32cubeide_1.7.0/stm32cubeide/plugins/com.st.stm32cube.ide.mcu.externaltools.gnu-tools-for-stm32.9-2020-q2-update.win32_2.0.0.202105311346/tools/bin/../lib/gcc/arm-none-eabi/9.3.1/../../../../arm-none-eabi/lib/thumb/v7e-m+fp/hard\libc_nano.a(lib_a-isattyr.o)
                0x0000000008006978                _isatty_r
 .text._lseek_r
                0x0000000008006998       0x24 c:/st/stm32cubeide_1.7.0/stm32cubeide/plugins/com.st.stm32cube.ide.mcu.externaltools.gnu-tools-for-stm32.9-2020-q2-update.win32_2.0.0.202105311346/tools/bin/../lib/gcc/arm-none-eabi/9.3.1/../../../../arm-none-eabi/lib/thumb/v7e-m+fp/hard\libc_nano.a(lib_a-lseekr.o)
                0x0000000008006998                _lseek_r
 .text.__malloc_lock
                0x00000000080069bc        0xc c:/st/stm32cubeide_1.7.0/stm32cubeide/plugins/com.st.stm32cube.ide.mcu.externaltools.gnu-tools-for-stm32.9-2020-q2-update.win32_2.0.0.202105311346/tools/bin/../lib/gcc/arm-none-eabi/9.3.1/../../../../arm-none-eabi/lib/thumb/v7e-m+fp/hard\libc_nano.a(lib_a-mlock.o)
                0x00000000080069bc                __malloc_lock
 .text.__malloc_unlock
                0x00000000080069c8        0xc c:/st/stm32cubeide_1.7.0/stm32cubeide/plugins/com.st.stm32cube.ide.mcu.externaltools.gnu-tools-for-stm32.9-2020-q2-update.win32_2.0.0.202105311346/tools/bin/../lib/gcc/arm-none-eabi/9.3.1/../../../../arm-none-eabi/lib/thumb/v7e-m+fp/hard\libc_nano.a(lib_a-mlock.o)
                0x00000000080069c8                __malloc_unlock
 .text._read_r  0x00000000080069d4       0x24 c:/st/stm32cubeide_1.7.0/stm32cubeide/plugins/com.st.stm32cube.ide.mcu.externaltools.gnu-tools-for-stm32.9-2020-q2-update.win32_2.0.0.202105311346/tools/bin/../lib/gcc/arm-none-eabi/9.3.1/../../../../arm-none-eabi/lib/thumb/v7e-m+fp/hard\libc_nano.a(lib_a-readr.o)
                0x00000000080069d4                _read_r
 .text._sbrk    0x00000000080069f8       0x1c c:/st/stm32cubeide_1.7.0/stm32cubeide/plugins/com.st.stm32cube.ide.mcu.externaltools.gnu-tools-for-stm32.9-2020-q2-update.win32_2.0.0.202105311346/tools/bin/../lib/gcc/arm-none-eabi/9.3.1/../../../../arm-none-eabi/lib/thumb/v7e-m+fp/hard\libnosys.a(sbrk.o)
                0x00000000080069f8                _sbrk
 *(.glue_7)
 .glue_7        0x0000000008006a14        0x0 linker stubs
 *(.glue_7t)
 .glue_7t       0x0000000008006a14        0x0 linker stubs
 *(.eh_frame)
 .eh_frame      0x0000000008006a14        0x0 c:/st/stm32cubeide_1.7.0/stm32cubeide/plugins/com.st.stm32cube.ide.mcu.externaltools.gnu-tools-for-stm32.9-2020-q2-update.win32_2.0.0.202105311346/tools/bin/../lib/gcc/arm-none-eabi/9.3.1/thumb/v7e-m+fp/hard/crtbegin.o
 *(.init)
 .init          0x0000000008006a14        0x4 c:/st/stm32cubeide_1.7.0/stm32cubeide/plugins/com.st.stm32cube.ide.mcu.externaltools.gnu-tools-for-stm32.9-2020-q2-update.win32_2.0.0.202105311346/tools/bin/../lib/gcc/arm-none-eabi/9.3.1/thumb/v7e-m+fp/hard/crti.o
                0x0000000008006a14                _init
 .init          0x0000000008006a18        0x8 c:/st/stm32cubeide_1.7.0/stm32cubeide/plugins/com.st.stm32cube.ide.mcu.externaltools.gnu-tools-for-stm32.9-2020-q2-update.win32_2.0.0.202105311346/tools/bin/../lib/gcc/arm-none-eabi/9.3.1/thumb/v7e-m+fp/hard/crtn.o
 *(.fini)
 .fini          0x0000000008006a20        0x4 c:/st/stm32cubeide_1.7.0/stm32cubeide/plugins/com.st.stm32cube.ide.mcu.externaltools.gnu-tools-for-stm32.9-2020-q2-update.win32_2.0.0.202105311346/tools/bin/../lib/gcc/arm-none-eabi/9.3.1/thumb/v7e-m+fp/hard/crti.o
                0x0000000008006a20                _fini
 .fini          0x0000000008006a24        0x8 c:/st/stm32cubeide_1.7.0/stm32cubeide/plugins/com.st.stm32cube.ide.mcu.externaltools.gnu-tools-for-stm32.9-2020-q2-update.win32_2.0.0.202105311346/tools/bin/../lib/gcc/arm-none-eabi/9.3.1/thumb/v7e-m+fp/hard/crtn.o
                0x0000000008006a2c                . = ALIGN (0x4)
                0x0000000008006a2c                _etext = .

.vfp11_veneer   0x0000000008006a2c        0x0
 .vfp11_veneer  0x0000000008006a2c        0x0 linker stubs

.v4_bx          0x0000000008006a2c        0x0
 .v4_bx         0x0000000008006a2c        0x0 linker stubs

.iplt           0x0000000008006a2c        0x0
 .iplt          0x0000000008006a2c        0x0 c:/st/stm32cubeide_1.7.0/stm32cubeide/plugins/com.st.stm32cube.ide.mcu.externaltools.gnu-tools-for-stm32.9-2020-q2-update.win32_2.0.0.202105311346/tools/bin/../lib/gcc/arm-none-eabi/9.3.1/thumb/v7e-m+fp/hard/crtbegin.o

.rodata         0x0000000008006a2c      0x1b4
                0x0000000008006a2c                . = ALIGN (0x4)
 *(.rodata)
 .rodata        0x0000000008006a2c       0x3f ./Core/Src/main.o
 *fill*         0x0000000008006a6b        0x1 
 .rodata        0x0000000008006a6c        0x5 ./Thirdparty/FreeRTOS/tasks.o
 *fill*         0x0000000008006a71        0x3 
 .rodata        0x0000000008006a74        0xd ./Thirdparty/FreeRTOS/timers.o
 *fill*         0x0000000008006a81        0x3 
 .rodata        0x0000000008006a84       0x51 ./Thirdparty/SEGGER/Config/SEGGER_SYSVIEW_Config_FreeRTOS.o
 *fill*         0x0000000008006ad5        0x3 
 .rodata        0x0000000008006ad8       0x58 ./Thirdparty/SEGGER/OS/SEGGER_SYSVIEW_FreeRTOS.o
 .rodata        0x0000000008006b30       0x17 ./Thirdparty/SEGGER/SEGGER/SEGGER_RTT.o
 *fill*         0x0000000008006b47        0x1 
 .rodata        0x0000000008006b48        0x8 ./Thirdparty/SEGGER/SEGGER/SEGGER_SYSVIEW.o
 *(.rodata*)
 .rodata.AHBPrescTable
                0x0000000008006b50       0x10 ./Core/Src/system_stm32f4xx.o
                0x0000000008006b50                AHBPrescTable
 .rodata.APBPrescTable
                0x0000000008006b60        0x8 ./Core/Src/system_stm32f4xx.o
                0x0000000008006b60                APBPrescTable
 .rodata.SYSVIEW_X_OS_TraceAPI
                0x0000000008006b68        0x8 ./Thirdparty/SEGGER/OS/SEGGER_SYSVIEW_FreeRTOS.o
                0x0000000008006b68                SYSVIEW_X_OS_TraceAPI
 .rodata._abSync
                0x0000000008006b70        0xa ./Thirdparty/SEGGER/SEGGER/SEGGER_SYSVIEW.o
 *fill*         0x0000000008006b7a        0x2 
 .rodata._global_impure_ptr
                0x0000000008006b7c        0x4 c:/st/stm32cubeide_1.7.0/stm32cubeide/plugins/com.st.stm32cube.ide.mcu.externaltools.gnu-tools-for-stm32.9-2020-q2-update.win32_2.0.0.202105311346/tools/bin/../lib/gcc/arm-none-eabi/9.3.1/../../../../arm-none-eabi/lib/thumb/v7e-m+fp/hard\libc_nano.a(lib_a-impure.o)
                0x0000000008006b7c                _global_impure_ptr
 .rodata.__sf_fake_stderr
                0x0000000008006b80       0x20 c:/st/stm32cubeide_1.7.0/stm32cubeide/plugins/com.st.stm32cube.ide.mcu.externaltools.gnu-tools-for-stm32.9-2020-q2-update.win32_2.0.0.202105311346/tools/bin/../lib/gcc/arm-none-eabi/9.3.1/../../../../arm-none-eabi/lib/thumb/v7e-m+fp/hard\libc_nano.a(lib_a-findfp.o)
                0x0000000008006b80                __sf_fake_stderr
 .rodata.__sf_fake_stdin
                0x0000000008006ba0       0x20 c:/st/stm32cubeide_1.7.0/stm32cubeide/plugins/com.st.stm32cube.ide.mcu.externaltools.gnu-tools-for-stm32.9-2020-q2-update.win32_2.0.0.202105311346/tools/bin/../lib/gcc/arm-none-eabi/9.3.1/../../../../arm-none-eabi/lib/thumb/v7e-m+fp/hard\libc_nano.a(lib_a-findfp.o)
                0x0000000008006ba0                __sf_fake_stdin
 .rodata.__sf_fake_stdout
                0x0000000008006bc0       0x20 c:/st/stm32cubeide_1.7.0/stm32cubeide/plugins/com.st.stm32cube.ide.mcu.externaltools.gnu-tools-for-stm32.9-2020-q2-update.win32_2.0.0.202105311346/tools/bin/../lib/gcc/arm-none-eabi/9.3.1/../../../../arm-none-eabi/lib/thumb/v7e-m+fp/hard\libc_nano.a(lib_a-findfp.o)
                0x0000000008006bc0                __sf_fake_stdout
                0x0000000008006be0                . = ALIGN (0x4)

.ARM.extab      0x0000000008006be0        0x0
                0x0000000008006be0                . = ALIGN (0x4)
 *(.ARM.extab* .gnu.linkonce.armextab.*)
                0x0000000008006be0                . = ALIGN (0x4)

.ARM            0x0000000008006be0        0x8
                0x0000000008006be0                . = ALIGN (0x4)
                0x0000000008006be0                __exidx_start = .
 *(.ARM.exidx*)
 .ARM.exidx     0x0000000008006be0        0x8 c:/st/stm32cubeide_1.7.0/stm32cubeide/plugins/com.st.stm32cube.ide.mcu.externaltools.gnu-tools-for-stm32.9-2020-q2-update.win32_2.0.0.202105311346/tools/bin/../lib/gcc/arm-none-eabi/9.3.1/thumb/v7e-m+fp/hard\libgcc.a(_udivmoddi4.o)
                0x0000000008006be8                __exidx_end = .
                0x0000000008006be8                . = ALIGN (0x4)

.rel.dyn        0x0000000008006be8        0x0
 .rel.iplt      0x0000000008006be8        0x0 c:/st/stm32cubeide_1.7.0/stm32cubeide/plugins/com.st.stm32cube.ide.mcu.externaltools.gnu-tools-for-stm32.9-2020-q2-update.win32_2.0.0.202105311346/tools/bin/../lib/gcc/arm-none-eabi/9.3.1/thumb/v7e-m+fp/hard/crtbegin.o

.preinit_array  0x0000000008006be8        0x0
                0x0000000008006be8                . = ALIGN (0x4)
                0x0000000008006be8                PROVIDE (__preinit_array_start = .)
 *(.preinit_array*)
                0x0000000008006be8                PROVIDE (__preinit_array_end = .)
                0x0000000008006be8                . = ALIGN (0x4)

.init_array     0x0000000008006be8        0x4
                0x0000000008006be8                . = ALIGN (0x4)
                0x0000000008006be8                PROVIDE (__init_array_start = .)
 *(SORT_BY_NAME(.init_array.*))
 *(.init_array*)
 .init_array    0x0000000008006be8        0x4 c:/st/stm32cubeide_1.7.0/stm32cubeide/plugins/com.st.stm32cube.ide.mcu.externaltools.gnu-tools-for-stm32.9-2020-q2-update.win32_2.0.0.202105311346/tools/bin/../lib/gcc/arm-none-eabi/9.3.1/thumb/v7e-m+fp/hard/crtbegin.o
                0x0000000008006bec                PROVIDE (__init_array_end = .)
                0x0000000008006bec                . = ALIGN (0x4)

.fini_array     0x0000000008006bec        0x4
                0x0000000008006bec                . = ALIGN (0x4)
                [!provide]                        PROVIDE (__fini_array_start = .)
 *(SORT_BY_NAME(.fini_array.*))
 *(.fini_array*)
 .fini_array    0x0000000008006bec        0x4 c:/st/stm32cubeide_1.7.0/stm32cubeide/plugins/com.st.stm32cube.ide.mcu.externaltools.gnu-tools-for-stm32.9-2020-q2-update.win32_2.0.0.202105311346/tools/bin/../lib/gcc/arm-none-eabi/9.3.1/thumb/v7e-m+fp/hard/crtbegin.o
                [!provide]                        PROVIDE (__fini_array_end = .)
                0x0000000008006bf0                . = ALIGN (0x4)
                0x0000000008006bf0                _sidata = LOADADDR (.data)

.data           0x0000000020000000       0x78 load address 0x0000000008006bf0
                0x0000000020000000                . = ALIGN (0x4)
                0x0000000020000000                _sdata = .
 *(.data)
 *(.data*)
 .data.SystemCoreClock
                0x0000000020000000        0x4 ./Core/Src/system_stm32f4xx.o
                0x0000000020000000                SystemCoreClock
 .data.uwTickPrio
                0x0000000020000004        0x4 ./Drivers/STM32F4xx_HAL_Driver/Src/stm32f4xx_hal.o
                0x0000000020000004                uwTickPrio
 .data.uwTickFreq
                0x0000000020000008        0x1 ./Drivers/STM32F4xx_HAL_Driver/Src/stm32f4xx_hal.o
                0x0000000020000008                uwTickFreq
 *fill*         0x0000000020000009        0x3 
 .data.uxTopUsedPriority
                0x000000002000000c        0x4 ./Thirdparty/FreeRTOS/tasks.o
                0x000000002000000c                uxTopUsedPriority
 .data.uxCriticalNesting
                0x0000000020000010        0x4 ./Thirdparty/FreeRTOS/portable/GCC/ARM_CM4F/port.o
 .data._impure_ptr
                0x0000000020000014        0x4 c:/st/stm32cubeide_1.7.0/stm32cubeide/plugins/com.st.stm32cube.ide.mcu.externaltools.gnu-tools-for-stm32.9-2020-q2-update.win32_2.0.0.202105311346/tools/bin/../lib/gcc/arm-none-eabi/9.3.1/../../../../arm-none-eabi/lib/thumb/v7e-m+fp/hard\libc_nano.a(lib_a-impure.o)
                0x0000000020000014                _impure_ptr
 .data.impure_data
                0x0000000020000018       0x60 c:/st/stm32cubeide_1.7.0/stm32cubeide/plugins/com.st.stm32cube.ide.mcu.externaltools.gnu-tools-for-stm32.9-2020-q2-update.win32_2.0.0.202105311346/tools/bin/../lib/gcc/arm-none-eabi/9.3.1/../../../../arm-none-eabi/lib/thumb/v7e-m+fp/hard\libc_nano.a(lib_a-impure.o)
 *(.RamFunc)
 *(.RamFunc*)
                0x0000000020000078                . = ALIGN (0x4)
                0x0000000020000078                _edata = .
                0x0000000008006c68                _siccmram = LOADADDR (.ccmram)

.igot.plt       0x0000000020000078        0x0 load address 0x0000000008006c68
 .igot.plt      0x0000000020000078        0x0 c:/st/stm32cubeide_1.7.0/stm32cubeide/plugins/com.st.stm32cube.ide.mcu.externaltools.gnu-tools-for-stm32.9-2020-q2-update.win32_2.0.0.202105311346/tools/bin/../lib/gcc/arm-none-eabi/9.3.1/thumb/v7e-m+fp/hard/crtbegin.o

.ccmram         0x0000000010000000        0x0 load address 0x0000000008006c68
                0x0000000010000000                . = ALIGN (0x4)
                0x0000000010000000                _sccmram = .
 *(.ccmram)
 *(.ccmram*)
                0x0000000010000000                . = ALIGN (0x4)
                0x0000000010000000                _eccmram = .
                0x0000000010000000                . = ALIGN (0x4)

.bss            0x0000000020000078    0x144a4
                0x0000000020000078                _sbss = .
                0x0000000020000078                __bss_start__ = _sbss
 *(.bss)
 .bss           0x0000000020000078       0x1c c:/st/stm32cubeide_1.7.0/stm32cubeide/plugins/com.st.stm32cube.ide.mcu.externaltools.gnu-tools-for-stm32.9-2020-q2-update.win32_2.0.0.202105311346/tools/bin/../lib/gcc/arm-none-eabi/9.3.1/thumb/v7e-m+fp/hard/crtbegin.o
 *(.bss*)
 .bss.pxCurrentTCB
                0x0000000020000094        0x4 ./Thirdparty/FreeRTOS/tasks.o
                0x0000000020000094                pxCurrentTCB
 .bss.pxReadyTasksLists
                0x0000000020000098       0x64 ./Thirdparty/FreeRTOS/tasks.o
 .bss.xDelayedTaskList1
                0x00000000200000fc       0x14 ./Thirdparty/FreeRTOS/tasks.o
 .bss.xDelayedTaskList2
                0x0000000020000110       0x14 ./Thirdparty/FreeRTOS/tasks.o
 .bss.pxDelayedTaskList
                0x0000000020000124        0x4 ./Thirdparty/FreeRTOS/tasks.o
 .bss.pxOverflowDelayedTaskList
                0x0000000020000128        0x4 ./Thirdparty/FreeRTOS/tasks.o
 .bss.xPendingReadyList
                0x000000002000012c       0x14 ./Thirdparty/FreeRTOS/tasks.o
 .bss.xTasksWaitingTermination
                0x0000000020000140       0x14 ./Thirdparty/FreeRTOS/tasks.o
 .bss.uxDeletedTasksWaitingCleanUp
                0x0000000020000154        0x4 ./Thirdparty/FreeRTOS/tasks.o
 .bss.xSuspendedTaskList
                0x0000000020000158       0x14 ./Thirdparty/FreeRTOS/tasks.o
 .bss.uxCurrentNumberOfTasks
                0x000000002000016c        0x4 ./Thirdparty/FreeRTOS/tasks.o
 .bss.xTickCount
                0x0000000020000170        0x4 ./Thirdparty/FreeRTOS/tasks.o
 .bss.uxTopReadyPriority
                0x0000000020000174        0x4 ./Thirdparty/FreeRTOS/tasks.o
 .bss.xSchedulerRunning
                0x0000000020000178        0x4 ./Thirdparty/FreeRTOS/tasks.o
 .bss.xPendedTicks
                0x000000002000017c        0x4 ./Thirdparty/FreeRTOS/tasks.o
 .bss.xYieldPending
                0x0000000020000180        0x4 ./Thirdparty/FreeRTOS/tasks.o
 .bss.xNumOfOverflows
                0x0000000020000184        0x4 ./Thirdparty/FreeRTOS/tasks.o
 .bss.uxTaskNumber
                0x0000000020000188        0x4 ./Thirdparty/FreeRTOS/tasks.o
 .bss.xNextTaskUnblockTime
                0x000000002000018c        0x4 ./Thirdparty/FreeRTOS/tasks.o
 .bss.xIdleTaskHandle
                0x0000000020000190        0x4 ./Thirdparty/FreeRTOS/tasks.o
 .bss.uxSchedulerSuspended
                0x0000000020000194        0x4 ./Thirdparty/FreeRTOS/tasks.o
 .bss.xActiveTimerList1
                0x0000000020000198       0x14 ./Thirdparty/FreeRTOS/timers.o
 .bss.xActiveTimerList2
                0x00000000200001ac       0x14 ./Thirdparty/FreeRTOS/timers.o
 .bss.pxCurrentTimerList
                0x00000000200001c0        0x4 ./Thirdparty/FreeRTOS/timers.o
 .bss.pxOverflowTimerList
                0x00000000200001c4        0x4 ./Thirdparty/FreeRTOS/timers.o
 .bss.xTimerQueue
                0x00000000200001c8        0x4 ./Thirdparty/FreeRTOS/timers.o
 .bss.xTimerTaskHandle
                0x00000000200001cc        0x4 ./Thirdparty/FreeRTOS/timers.o
 .bss.xLastTime.7306
                0x00000000200001d0        0x4 ./Thirdparty/FreeRTOS/timers.o
 .bss.ucMaxSysCallPriority
                0x00000000200001d4        0x1 ./Thirdparty/FreeRTOS/portable/GCC/ARM_CM4F/port.o
 *fill*         0x00000000200001d5        0x3 
 .bss.ulMaxPRIGROUPValue
                0x00000000200001d8        0x4 ./Thirdparty/FreeRTOS/portable/GCC/ARM_CM4F/port.o
 .bss.ucHeap    0x00000000200001dc    0x12c00 ./Thirdparty/FreeRTOS/portable/MemMang/heap_4.o
 .bss.xStart    0x0000000020012ddc        0x8 ./Thirdparty/FreeRTOS/portable/MemMang/heap_4.o
 .bss.pxEnd     0x0000000020012de4        0x4 ./Thirdparty/FreeRTOS/portable/MemMang/heap_4.o
 .bss.xFreeBytesRemaining
                0x0000000020012de8        0x4 ./Thirdparty/FreeRTOS/portable/MemMang/heap_4.o
 .bss.xMinimumEverFreeBytesRemaining
                0x0000000020012dec        0x4 ./Thirdparty/FreeRTOS/portable/MemMang/heap_4.o
 .bss.xNumberOfSuccessfulAllocations
                0x0000000020012df0        0x4 ./Thirdparty/FreeRTOS/portable/MemMang/heap_4.o
 .bss.xNumberOfSuccessfulFrees
                0x0000000020012df4        0x4 ./Thirdparty/FreeRTOS/portable/MemMang/heap_4.o
 .bss.xBlockAllocatedBit
                0x0000000020012df8        0x4 ./Thirdparty/FreeRTOS/portable/MemMang/heap_4.o
 .bss._aTasks   0x0000000020012dfc       0xa0 ./Thirdparty/SEGGER/OS/SEGGER_SYSVIEW_FreeRTOS.o
 .bss._NumTasks
                0x0000000020012e9c        0x4 ./Thirdparty/SEGGER/OS/SEGGER_SYSVIEW_FreeRTOS.o
 .bss._acUpBuffer
                0x0000000020012ea0      0x400 ./Thirdparty/SEGGER/SEGGER/SEGGER_RTT.o
 .bss._acDownBuffer
                0x00000000200132a0       0x10 ./Thirdparty/SEGGER/SEGGER/SEGGER_RTT.o
 .bss._UpBuffer
                0x00000000200132b0     0x1000 ./Thirdparty/SEGGER/SEGGER/SEGGER_SYSVIEW.o
 .bss._DownBuffer
                0x00000000200142b0        0x8 ./Thirdparty/SEGGER/SEGGER/SEGGER_SYSVIEW.o
 .bss._SYSVIEW_Globals
                0x00000000200142b8       0x28 ./Thirdparty/SEGGER/SEGGER/SEGGER_SYSVIEW.o
 .bss._pFirstModule
                0x00000000200142e0        0x4 ./Thirdparty/SEGGER/SEGGER/SEGGER_SYSVIEW.o
 .bss._NumModules
                0x00000000200142e4        0x1 ./Thirdparty/SEGGER/SEGGER/SEGGER_SYSVIEW.o
 *fill*         0x00000000200142e5        0x3 
 .bss._aPacket  0x00000000200142e8       0xe3 ./Thirdparty/SEGGER/SEGGER/SEGGER_SYSVIEW.o
 *fill*         0x00000000200143cb        0x1 
 .bss.__malloc_free_list
                0x00000000200143cc        0x4 c:/st/stm32cubeide_1.7.0/stm32cubeide/plugins/com.st.stm32cube.ide.mcu.externaltools.gnu-tools-for-stm32.9-2020-q2-update.win32_2.0.0.202105311346/tools/bin/../lib/gcc/arm-none-eabi/9.3.1/../../../../arm-none-eabi/lib/thumb/v7e-m+fp/hard\libc_nano.a(lib_a-nano-mallocr.o)
                0x00000000200143cc                __malloc_free_list
 .bss.__malloc_sbrk_start
                0x00000000200143d0        0x4 c:/st/stm32cubeide_1.7.0/stm32cubeide/plugins/com.st.stm32cube.ide.mcu.externaltools.gnu-tools-for-stm32.9-2020-q2-update.win32_2.0.0.202105311346/tools/bin/../lib/gcc/arm-none-eabi/9.3.1/../../../../arm-none-eabi/lib/thumb/v7e-m+fp/hard\libc_nano.a(lib_a-nano-mallocr.o)
                0x00000000200143d0                __malloc_sbrk_start
 .bss.heap_end.5507
                0x00000000200143d4        0x4 c:/st/stm32cubeide_1.7.0/stm32cubeide/plugins/com.st.stm32cube.ide.mcu.externaltools.gnu-tools-for-stm32.9-2020-q2-update.win32_2.0.0.202105311346/tools/bin/../lib/gcc/arm-none-eabi/9.3.1/../../../../arm-none-eabi/lib/thumb/v7e-m+fp/hard\libnosys.a(sbrk.o)
 *(COMMON)
 COMMON         0x00000000200143d8       0x48 ./Core/Src/stm32f4xx_hal_timebase_tim.o
                0x00000000200143d8                htim6
 COMMON         0x0000000020014420        0x4 ./Drivers/STM32F4xx_HAL_Driver/Src/stm32f4xx_hal.o
                0x0000000020014420                uwTick
 COMMON         0x0000000020014424       0x40 ./Thirdparty/FreeRTOS/queue.o
                0x0000000020014424                xQueueRegistry
 COMMON         0x0000000020014464       0xa8 ./Thirdparty/SEGGER/SEGGER/SEGGER_RTT.o
                0x0000000020014464                _SEGGER_RTT
 COMMON         0x000000002001450c        0x9 c:/st/stm32cubeide_1.7.0/stm32cubeide/plugins/com.st.stm32cube.ide.mcu.externaltools.gnu-tools-for-stm32.9-2020-q2-update.win32_2.0.0.202105311346/tools/bin/../lib/gcc/arm-none-eabi/9.3.1/../../../../arm-none-eabi/lib/thumb/v7e-m+fp/hard\libc_nano.a(lib_a-lock.o)
                0x000000002001450c                __lock___atexit_recursive_mutex
                0x000000002001450d                __lock___arc4random_mutex
                0x000000002001450e                __lock___env_recursive_mutex
                0x000000002001450f                __lock___sinit_recursive_mutex
                0x0000000020014510                __lock___malloc_recursive_mutex
                0x0000000020014511                __lock___at_quick_exit_mutex
                0x0000000020014512                __lock___dd_hash_mutex
                0x0000000020014513                __lock___tz_mutex
                0x0000000020014514                __lock___sfp_recursive_mutex
 *fill*         0x0000000020014515        0x3 
 COMMON         0x0000000020014518        0x4 c:/st/stm32cubeide_1.7.0/stm32cubeide/plugins/com.st.stm32cube.ide.mcu.externaltools.gnu-tools-for-stm32.9-2020-q2-update.win32_2.0.0.202105311346/tools/bin/../lib/gcc/arm-none-eabi/9.3.1/../../../../arm-none-eabi/lib/thumb/v7e-m+fp/hard\libc_nano.a(lib_a-reent.o)
                0x0000000020014518                errno
                0x000000002001451c                . = ALIGN (0x4)
                0x000000002001451c                _ebss = .
                0x000000002001451c                __bss_end__ = _ebss

._user_heap_stack
                0x000000002001451c      0x604
                0x0000000020014520                . = ALIGN (0x8)
 *fill*         0x000000002001451c        0x4 
                0x0000000020014520                PROVIDE (end = .)
                [!provide]                        PROVIDE (_end = .)
                0x0000000020014720                . = (. + _Min_Heap_Size)
 *fill*         0x0000000020014520      0x200 
                0x0000000020014b20                . = (. + _Min_Stack_Size)
 *fill*         0x0000000020014720      0x400 
                0x0000000020014b20                . = ALIGN (0x8)

/DISCARD/
 libc.a(*)
 libm.a(*)
 libgcc.a(*)

.ARM.attributes
                0x0000000000000000       0x30
 *(.ARM.attributes)
 .ARM.attributes
                0x0000000000000000       0x1e c:/st/stm32cubeide_1.7.0/stm32cubeide/plugins/com.st.stm32cube.ide.mcu.externaltools.gnu-tools-for-stm32.9-2020-q2-update.win32_2.0.0.202105311346/tools/bin/../lib/gcc/arm-none-eabi/9.3.1/thumb/v7e-m+fp/hard/crti.o
 .ARM.attributes
                0x000000000000001e       0x34 c:/st/stm32cubeide_1.7.0/stm32cubeide/plugins/com.st.stm32cube.ide.mcu.externaltools.gnu-tools-for-stm32.9-2020-q2-update.win32_2.0.0.202105311346/tools/bin/../lib/gcc/arm-none-eabi/9.3.1/thumb/v7e-m+fp/hard/crtbegin.o
 .ARM.attributes
                0x0000000000000052       0x34 ./Core/Src/main.o
 .ARM.attributes
                0x0000000000000086       0x34 ./Core/Src/stm32f4xx_hal_msp.o
 .ARM.attributes
                0x00000000000000ba       0x34 ./Core/Src/stm32f4xx_hal_timebase_tim.o
 .ARM.attributes
                0x00000000000000ee       0x34 ./Core/Src/stm32f4xx_it.o
 .ARM.attributes
                0x0000000000000122       0x34 ./Core/Src/syscalls.o
 .ARM.attributes
                0x0000000000000156       0x34 ./Core/Src/system_stm32f4xx.o
 .ARM.attributes
                0x000000000000018a       0x21 ./Core/Startup/startup_stm32f407vgtx.o
 .ARM.attributes
                0x00000000000001ab       0x34 ./Drivers/STM32F4xx_HAL_Driver/Src/stm32f4xx_hal.o
 .ARM.attributes
                0x00000000000001df       0x34 ./Drivers/STM32F4xx_HAL_Driver/Src/stm32f4xx_hal_cortex.o
 .ARM.attributes
                0x0000000000000213       0x34 ./Drivers/STM32F4xx_HAL_Driver/Src/stm32f4xx_hal_rcc.o
 .ARM.attributes
                0x0000000000000247       0x34 ./Drivers/STM32F4xx_HAL_Driver/Src/stm32f4xx_hal_tim.o
 .ARM.attributes
                0x000000000000027b       0x34 ./Drivers/STM32F4xx_HAL_Driver/Src/stm32f4xx_hal_tim_ex.o
 .ARM.attributes
                0x00000000000002af       0x34 ./Thirdparty/FreeRTOS/list.o
 .ARM.attributes
                0x00000000000002e3       0x34 ./Thirdparty/FreeRTOS/queue.o
 .ARM.attributes
                0x0000000000000317       0x34 ./Thirdparty/FreeRTOS/tasks.o
 .ARM.attributes
                0x000000000000034b       0x34 ./Thirdparty/FreeRTOS/timers.o
 .ARM.attributes
                0x000000000000037f       0x34 ./Thirdparty/FreeRTOS/portable/GCC/ARM_CM4F/port.o
 .ARM.attributes
                0x00000000000003b3       0x34 ./Thirdparty/FreeRTOS/portable/MemMang/heap_4.o
 .ARM.attributes
                0x00000000000003e7       0x34 ./Thirdparty/SEGGER/Config/SEGGER_SYSVIEW_Config_FreeRTOS.o
 .ARM.attributes
                0x000000000000041b       0x34 ./Thirdparty/SEGGER/OS/SEGGER_SYSVIEW_FreeRTOS.o
 .ARM.attributes
                0x000000000000044f       0x34 ./Thirdparty/SEGGER/SEGGER/SEGGER_RTT.o
 .ARM.attributes
                0x0000000000000483       0x20 ./Thirdparty/SEGGER/SEGGER/SEGGER_RTT_ASM_ARMv7M.o
 .ARM.attributes
                0x00000000000004a3       0x34 ./Thirdparty/SEGGER/SEGGER/SEGGER_SYSVIEW.o
 .ARM.attributes
                0x00000000000004d7       0x34 ./Thirdparty/SEGGER/SEGGER/Syscalls/SEGGER_RTT_Syscalls_GCC.o
 .ARM.attributes
                0x000000000000050b       0x32 c:/st/stm32cubeide_1.7.0/stm32cubeide/plugins/com.st.stm32cube.ide.mcu.externaltools.gnu-tools-for-stm32.9-2020-q2-update.win32_2.0.0.202105311346/tools/bin/../lib/gcc/arm-none-eabi/9.3.1/../../../../arm-none-eabi/lib/thumb/v7e-m+fp/hard\libc_nano.a(lib_a-impure.o)
 .ARM.attributes
                0x000000000000053d       0x34 c:/st/stm32cubeide_1.7.0/stm32cubeide/plugins/com.st.stm32cube.ide.mcu.externaltools.gnu-tools-for-stm32.9-2020-q2-update.win32_2.0.0.202105311346/tools/bin/../lib/gcc/arm-none-eabi/9.3.1/../../../../arm-none-eabi/lib/thumb/v7e-m+fp/hard\libc_nano.a(lib_a-init.o)
 .ARM.attributes
                0x0000000000000571       0x34 c:/st/stm32cubeide_1.7.0/stm32cubeide/plugins/com.st.stm32cube.ide.mcu.externaltools.gnu-tools-for-stm32.9-2020-q2-update.win32_2.0.0.202105311346/tools/bin/../lib/gcc/arm-none-eabi/9.3.1/../../../../arm-none-eabi/lib/thumb/v7e-m+fp/hard\libc_nano.a(lib_a-memcmp.o)
 .ARM.attributes
                0x00000000000005a5       0x34 c:/st/stm32cubeide_1.7.0/stm32cubeide/plugins/com.st.stm32cube.ide.mcu.externaltools.gnu-tools-for-stm32.9-2020-q2-update.win32_2.0.0.202105311346/tools/bin/../lib/gcc/arm-none-eabi/9.3.1/../../../../arm-none-eabi/lib/thumb/v7e-m+fp/hard\libc_nano.a(lib_a-memcpy-stub.o)
 .ARM.attributes
                0x00000000000005d9       0x34 c:/st/stm32cubeide_1.7.0/stm32cubeide/plugins/com.st.stm32cube.ide.mcu.externaltools.gnu-tools-for-stm32.9-2020-q2-update.win32_2.0.0.202105311346/tools/bin/../lib/gcc/arm-none-eabi/9.3.1/../../../../arm-none-eabi/lib/thumb/v7e-m+fp/hard\libc_nano.a(lib_a-memset.o)
 .ARM.attributes
                0x000000000000060d       0x34 c:/st/stm32cubeide_1.7.0/stm32cubeide/plugins/com.st.stm32cube.ide.mcu.externaltools.gnu-tools-for-stm32.9-2020-q2-update.win32_2.0.0.202105311346/tools/bin/../lib/gcc/arm-none-eabi/9.3.1/../../../../arm-none-eabi/lib/thumb/v7e-m+fp/hard\libc_nano.a(lib_a-puts.o)
 .ARM.attributes
                0x0000000000000641       0x34 c:/st/stm32cubeide_1.7.0/stm32cubeide/plugins/com.st.stm32cube.ide.mcu.externaltools.gnu-tools-for-stm32.9-2020-q2-update.win32_2.0.0.202105311346/tools/bin/../lib/gcc/arm-none-eabi/9.3.1/../../../../arm-none-eabi/lib/thumb/v7e-m+fp/hard\libc_nano.a(lib_a-wbuf.o)
 .ARM.attributes
                0x0000000000000675       0x34 c:/st/stm32cubeide_1.7.0/stm32cubeide/plugins/com.st.stm32cube.ide.mcu.externaltools.gnu-tools-for-stm32.9-2020-q2-update.win32_2.0.0.202105311346/tools/bin/../lib/gcc/arm-none-eabi/9.3.1/../../../../arm-none-eabi/lib/thumb/v7e-m+fp/hard\libc_nano.a(lib_a-wsetup.o)
 .ARM.attributes
                0x00000000000006a9       0x34 c:/st/stm32cubeide_1.7.0/stm32cubeide/plugins/com.st.stm32cube.ide.mcu.externaltools.gnu-tools-for-stm32.9-2020-q2-update.win32_2.0.0.202105311346/tools/bin/../lib/gcc/arm-none-eabi/9.3.1/../../../../arm-none-eabi/lib/thumb/v7e-m+fp/hard\libc_nano.a(lib_a-fflush.o)
 .ARM.attributes
                0x00000000000006dd       0x34 c:/st/stm32cubeide_1.7.0/stm32cubeide/plugins/com.st.stm32cube.ide.mcu.externaltools.gnu-tools-for-stm32.9-2020-q2-update.win32_2.0.0.202105311346/tools/bin/../lib/gcc/arm-none-eabi/9.3.1/../../../../arm-none-eabi/lib/thumb/v7e-m+fp/hard\libc_nano.a(lib_a-findfp.o)
 .ARM.attributes
                0x0000000000000711       0x34 c:/st/stm32cubeide_1.7.0/stm32cubeide/plugins/com.st.stm32cube.ide.mcu.externaltools.gnu-tools-for-stm32.9-2020-q2-update.win32_2.0.0.202105311346/tools/bin/../lib/gcc/arm-none-eabi/9.3.1/../../../../arm-none-eabi/lib/thumb/v7e-m+fp/hard\libc_nano.a(lib_a-fwalk.o)
 .ARM.attributes
                0x0000000000000745       0x34 c:/st/stm32cubeide_1.7.0/stm32cubeide/plugins/com.st.stm32cube.ide.mcu.externaltools.gnu-tools-for-stm32.9-2020-q2-update.win32_2.0.0.202105311346/tools/bin/../lib/gcc/arm-none-eabi/9.3.1/../../../../arm-none-eabi/lib/thumb/v7e-m+fp/hard\libc_nano.a(lib_a-lock.o)
 .ARM.attributes
                0x0000000000000779       0x34 c:/st/stm32cubeide_1.7.0/stm32cubeide/plugins/com.st.stm32cube.ide.mcu.externaltools.gnu-tools-for-stm32.9-2020-q2-update.win32_2.0.0.202105311346/tools/bin/../lib/gcc/arm-none-eabi/9.3.1/../../../../arm-none-eabi/lib/thumb/v7e-m+fp/hard\libc_nano.a(lib_a-makebuf.o)
 .ARM.attributes
                0x00000000000007ad       0x34 c:/st/stm32cubeide_1.7.0/stm32cubeide/plugins/com.st.stm32cube.ide.mcu.externaltools.gnu-tools-for-stm32.9-2020-q2-update.win32_2.0.0.202105311346/tools/bin/../lib/gcc/arm-none-eabi/9.3.1/../../../../arm-none-eabi/lib/thumb/v7e-m+fp/hard\libc_nano.a(lib_a-nano-freer.o)
 .ARM.attributes
                0x00000000000007e1       0x34 c:/st/stm32cubeide_1.7.0/stm32cubeide/plugins/com.st.stm32cube.ide.mcu.externaltools.gnu-tools-for-stm32.9-2020-q2-update.win32_2.0.0.202105311346/tools/bin/../lib/gcc/arm-none-eabi/9.3.1/../../../../arm-none-eabi/lib/thumb/v7e-m+fp/hard\libc_nano.a(lib_a-nano-mallocr.o)
 .ARM.attributes
                0x0000000000000815       0x34 c:/st/stm32cubeide_1.7.0/stm32cubeide/plugins/com.st.stm32cube.ide.mcu.externaltools.gnu-tools-for-stm32.9-2020-q2-update.win32_2.0.0.202105311346/tools/bin/../lib/gcc/arm-none-eabi/9.3.1/../../../../arm-none-eabi/lib/thumb/v7e-m+fp/hard\libc_nano.a(lib_a-sbrkr.o)
 .ARM.attributes
                0x0000000000000849       0x34 c:/st/stm32cubeide_1.7.0/stm32cubeide/plugins/com.st.stm32cube.ide.mcu.externaltools.gnu-tools-for-stm32.9-2020-q2-update.win32_2.0.0.202105311346/tools/bin/../lib/gcc/arm-none-eabi/9.3.1/../../../../arm-none-eabi/lib/thumb/v7e-m+fp/hard\libc_nano.a(lib_a-stdio.o)
 .ARM.attributes
                0x000000000000087d       0x34 c:/st/stm32cubeide_1.7.0/stm32cubeide/plugins/com.st.stm32cube.ide.mcu.externaltools.gnu-tools-for-stm32.9-2020-q2-update.win32_2.0.0.202105311346/tools/bin/../lib/gcc/arm-none-eabi/9.3.1/../../../../arm-none-eabi/lib/thumb/v7e-m+fp/hard\libc_nano.a(lib_a-closer.o)
 .ARM.attributes
                0x00000000000008b1       0x34 c:/st/stm32cubeide_1.7.0/stm32cubeide/plugins/com.st.stm32cube.ide.mcu.externaltools.gnu-tools-for-stm32.9-2020-q2-update.win32_2.0.0.202105311346/tools/bin/../lib/gcc/arm-none-eabi/9.3.1/../../../../arm-none-eabi/lib/thumb/v7e-m+fp/hard\libc_nano.a(lib_a-fstatr.o)
 .ARM.attributes
                0x00000000000008e5       0x34 c:/st/stm32cubeide_1.7.0/stm32cubeide/plugins/com.st.stm32cube.ide.mcu.externaltools.gnu-tools-for-stm32.9-2020-q2-update.win32_2.0.0.202105311346/tools/bin/../lib/gcc/arm-none-eabi/9.3.1/../../../../arm-none-eabi/lib/thumb/v7e-m+fp/hard\libc_nano.a(lib_a-isattyr.o)
 .ARM.attributes
                0x0000000000000919       0x34 c:/st/stm32cubeide_1.7.0/stm32cubeide/plugins/com.st.stm32cube.ide.mcu.externaltools.gnu-tools-for-stm32.9-2020-q2-update.win32_2.0.0.202105311346/tools/bin/../lib/gcc/arm-none-eabi/9.3.1/../../../../arm-none-eabi/lib/thumb/v7e-m+fp/hard\libc_nano.a(lib_a-lseekr.o)
 .ARM.attributes
                0x000000000000094d       0x34 c:/st/stm32cubeide_1.7.0/stm32cubeide/plugins/com.st.stm32cube.ide.mcu.externaltools.gnu-tools-for-stm32.9-2020-q2-update.win32_2.0.0.202105311346/tools/bin/../lib/gcc/arm-none-eabi/9.3.1/../../../../arm-none-eabi/lib/thumb/v7e-m+fp/hard\libc_nano.a(lib_a-mlock.o)
 .ARM.attributes
                0x0000000000000981       0x34 c:/st/stm32cubeide_1.7.0/stm32cubeide/plugins/com.st.stm32cube.ide.mcu.externaltools.gnu-tools-for-stm32.9-2020-q2-update.win32_2.0.0.202105311346/tools/bin/../lib/gcc/arm-none-eabi/9.3.1/../../../../arm-none-eabi/lib/thumb/v7e-m+fp/hard\libc_nano.a(lib_a-readr.o)
 .ARM.attributes
                0x00000000000009b5       0x34 c:/st/stm32cubeide_1.7.0/stm32cubeide/plugins/com.st.stm32cube.ide.mcu.externaltools.gnu-tools-for-stm32.9-2020-q2-update.win32_2.0.0.202105311346/tools/bin/../lib/gcc/arm-none-eabi/9.3.1/../../../../arm-none-eabi/lib/thumb/v7e-m+fp/hard\libc_nano.a(lib_a-reent.o)
 .ARM.attributes
                0x00000000000009e9       0x1e c:/st/stm32cubeide_1.7.0/stm32cubeide/plugins/com.st.stm32cube.ide.mcu.externaltools.gnu-tools-for-stm32.9-2020-q2-update.win32_2.0.0.202105311346/tools/bin/../lib/gcc/arm-none-eabi/9.3.1/thumb/v7e-m+fp/hard\libgcc.a(_aeabi_uldivmod.o)
 .ARM.attributes
                0x0000000000000a07       0x34 c:/st/stm32cubeide_1.7.0/stm32cubeide/plugins/com.st.stm32cube.ide.mcu.externaltools.gnu-tools-for-stm32.9-2020-q2-update.win32_2.0.0.202105311346/tools/bin/../lib/gcc/arm-none-eabi/9.3.1/thumb/v7e-m+fp/hard\libgcc.a(_udivmoddi4.o)
 .ARM.attributes
                0x0000000000000a3b       0x1e c:/st/stm32cubeide_1.7.0/stm32cubeide/plugins/com.st.stm32cube.ide.mcu.externaltools.gnu-tools-for-stm32.9-2020-q2-update.win32_2.0.0.202105311346/tools/bin/../lib/gcc/arm-none-eabi/9.3.1/thumb/v7e-m+fp/hard\libgcc.a(_dvmd_tls.o)
 .ARM.attributes
                0x0000000000000a59       0x34 c:/st/stm32cubeide_1.7.0/stm32cubeide/plugins/com.st.stm32cube.ide.mcu.externaltools.gnu-tools-for-stm32.9-2020-q2-update.win32_2.0.0.202105311346/tools/bin/../lib/gcc/arm-none-eabi/9.3.1/../../../../arm-none-eabi/lib/thumb/v7e-m+fp/hard\libnosys.a(sbrk.o)
 .ARM.attributes
                0x0000000000000a8d       0x1e c:/st/stm32cubeide_1.7.0/stm32cubeide/plugins/com.st.stm32cube.ide.mcu.externaltools.gnu-tools-for-stm32.9-2020-q2-update.win32_2.0.0.202105311346/tools/bin/../lib/gcc/arm-none-eabi/9.3.1/thumb/v7e-m+fp/hard/crtn.o
OUTPUT(001_Hello_World.elf elf32-littlearm)
LOAD linker stubs
LOAD c:/st/stm32cubeide_1.7.0/stm32cubeide/plugins/com.st.stm32cube.ide.mcu.externaltools.gnu-tools-for-stm32.9-2020-q2-update.win32_2.0.0.202105311346/tools/bin/../lib/gcc/arm-none-eabi/9.3.1/../../../../arm-none-eabi/lib/thumb/v7e-m+fp/hard\libc.a
LOAD c:/st/stm32cubeide_1.7.0/stm32cubeide/plugins/com.st.stm32cube.ide.mcu.externaltools.gnu-tools-for-stm32.9-2020-q2-update.win32_2.0.0.202105311346/tools/bin/../lib/gcc/arm-none-eabi/9.3.1/../../../../arm-none-eabi/lib/thumb/v7e-m+fp/hard\libm.a
LOAD c:/st/stm32cubeide_1.7.0/stm32cubeide/plugins/com.st.stm32cube.ide.mcu.externaltools.gnu-tools-for-stm32.9-2020-q2-update.win32_2.0.0.202105311346/tools/bin/../lib/gcc/arm-none-eabi/9.3.1/thumb/v7e-m+fp/hard\libgcc.a

.debug_info     0x0000000000000000    0x19b4a
 .debug_info    0x0000000000000000     0x151b ./Core/Src/main.o
 .debug_info    0x000000000000151b      0x3b3 ./Core/Src/stm32f4xx_hal_msp.o
 .debug_info    0x00000000000018ce      0xc6c ./Core/Src/stm32f4xx_hal_timebase_tim.o
 .debug_info    0x000000000000253a      0x7cb ./Core/Src/stm32f4xx_it.o
 .debug_info    0x0000000000002d05      0xfed ./Core/Src/syscalls.o
 .debug_info    0x0000000000003cf2      0x5a4 ./Core/Src/system_stm32f4xx.o
 .debug_info    0x0000000000004296       0x22 ./Core/Startup/startup_stm32f407vgtx.o
 .debug_info    0x00000000000042b8      0x9b2 ./Drivers/STM32F4xx_HAL_Driver/Src/stm32f4xx_hal.o
 .debug_info    0x0000000000004c6a      0xed7 ./Drivers/STM32F4xx_HAL_Driver/Src/stm32f4xx_hal_cortex.o
 .debug_info    0x0000000000005b41      0x996 ./Drivers/STM32F4xx_HAL_Driver/Src/stm32f4xx_hal_rcc.o
 .debug_info    0x00000000000064d7     0x2c22 ./Drivers/STM32F4xx_HAL_Driver/Src/stm32f4xx_hal_tim.o
 .debug_info    0x00000000000090f9     0x15a2 ./Drivers/STM32F4xx_HAL_Driver/Src/stm32f4xx_hal_tim_ex.o
 .debug_info    0x000000000000a69b      0xb9a ./Thirdparty/FreeRTOS/list.o
 .debug_info    0x000000000000b235     0x1ffc ./Thirdparty/FreeRTOS/queue.o
 .debug_info    0x000000000000d231     0x2a1f ./Thirdparty/FreeRTOS/tasks.o
 .debug_info    0x000000000000fc50     0x157f ./Thirdparty/FreeRTOS/timers.o
 .debug_info    0x00000000000111cf      0x5b1 ./Thirdparty/FreeRTOS/portable/GCC/ARM_CM4F/port.o
 .debug_info    0x0000000000011780      0xda4 ./Thirdparty/FreeRTOS/portable/MemMang/heap_4.o
 .debug_info    0x0000000000012524      0x131 ./Thirdparty/SEGGER/Config/SEGGER_SYSVIEW_Config_FreeRTOS.o
 .debug_info    0x0000000000012655      0xc58 ./Thirdparty/SEGGER/OS/SEGGER_SYSVIEW_FreeRTOS.o
 .debug_info    0x00000000000132ad     0x1d4b ./Thirdparty/SEGGER/SEGGER/SEGGER_RTT.o
 .debug_info    0x0000000000014ff8       0x26 ./Thirdparty/SEGGER/SEGGER/SEGGER_RTT_ASM_ARMv7M.o
 .debug_info    0x000000000001501e     0x3fe7 ./Thirdparty/SEGGER/SEGGER/SEGGER_SYSVIEW.o
 .debug_info    0x0000000000019005      0xb45 ./Thirdparty/SEGGER/SEGGER/Syscalls/SEGGER_RTT_Syscalls_GCC.o

.debug_abbrev   0x0000000000000000     0x33a0
 .debug_abbrev  0x0000000000000000      0x2d6 ./Core/Src/main.o
 .debug_abbrev  0x00000000000002d6      0x11d ./Core/Src/stm32f4xx_hal_msp.o
 .debug_abbrev  0x00000000000003f3      0x1bf ./Core/Src/stm32f4xx_hal_timebase_tim.o
 .debug_abbrev  0x00000000000005b2      0x176 ./Core/Src/stm32f4xx_it.o
 .debug_abbrev  0x0000000000000728      0x2a0 ./Core/Src/syscalls.o
 .debug_abbrev  0x00000000000009c8      0x145 ./Core/Src/system_stm32f4xx.o
 .debug_abbrev  0x0000000000000b0d       0x12 ./Core/Startup/startup_stm32f407vgtx.o
 .debug_abbrev  0x0000000000000b1f      0x1ed ./Drivers/STM32F4xx_HAL_Driver/Src/stm32f4xx_hal.o
 .debug_abbrev  0x0000000000000d0c      0x33c ./Drivers/STM32F4xx_HAL_Driver/Src/stm32f4xx_hal_cortex.o
 .debug_abbrev  0x0000000000001048      0x275 ./Drivers/STM32F4xx_HAL_Driver/Src/stm32f4xx_hal_rcc.o
 .debug_abbrev  0x00000000000012bd      0x25e ./Drivers/STM32F4xx_HAL_Driver/Src/stm32f4xx_hal_tim.o